hello world
Changing password for home.
Wed Apr  3 09:58:40 +07 2019
home-Vostro-1400
x86_64
Linux home-Vostro-1400 4.15.0-20-generic #21-Ubuntu SMP Tue Apr 24 06:16:15 UTC 2018 x86_64 x86_64 x86_64 GNU/Linux
[    0.000000] Linux version 4.15.0-20-generic (buildd@lgw01-amd64-039) (gcc version 7.3.0 (Ubuntu 7.3.0-16ubuntu3)) #21-Ubuntu SMP Tue Apr 24 06:16:15 UTC 2018 (Ubuntu 4.15.0-20.21-generic 4.15.17)
[    0.000000] Command line: BOOT_IMAGE=/boot/vmlinuz-4.15.0-20-generic root=/dev/mapper/mint--vg-root ro quiet splash vt.handoff=1
[    0.000000] KERNEL supported cpus:
[    0.000000]   Intel GenuineIntel
[    0.000000]   AMD AuthenticAMD
[    0.000000]   Centaur CentaurHauls
[    0.000000] x86/fpu: x87 FPU will use FXSAVE
[    0.000000] e820: BIOS-provided physical RAM map:
[    0.000000] BIOS-e820: [mem 0x0000000000000000-0x000000000009efff] usable
[    0.000000] BIOS-e820: [mem 0x000000000009f000-0x000000000009ffff] reserved
[    0.000000] BIOS-e820: [mem 0x0000000000100000-0x00000000df66d7ff] usable
[    0.000000] BIOS-e820: [mem 0x00000000df66d800-0x00000000dfffffff] reserved
[    0.000000] BIOS-e820: [mem 0x00000000f8000000-0x00000000fbffffff] reserved
[    0.000000] BIOS-e820: [mem 0x00000000fec00000-0x00000000fec0ffff] reserved
[    0.000000] BIOS-e820: [mem 0x00000000fed18000-0x00000000fed1bfff] reserved
[    0.000000] BIOS-e820: [mem 0x00000000fed20000-0x00000000fed8ffff] reserved
[    0.000000] BIOS-e820: [mem 0x00000000feda0000-0x00000000feda5fff] reserved
[    0.000000] BIOS-e820: [mem 0x00000000fee00000-0x00000000fee0ffff] reserved
[    0.000000] BIOS-e820: [mem 0x00000000fff00000-0x00000000ffffffff] reserved
[    0.000000] BIOS-e820: [mem 0x0000000100000000-0x000000011fffffff] usable
[    0.000000] NX (Execute Disable) protection: active
[    0.000000] random: fast init done
[    0.000000] SMBIOS 2.4 present.
[    0.000000] DMI: Dell Inc. Vostro 1400                     /0TT347, BIOS A09 07/10/2008
[    0.000000] e820: update [mem 0x00000000-0x00000fff] usable ==> reserved
[    0.000000] e820: remove [mem 0x000a0000-0x000fffff] usable
[    0.000000] e820: last_pfn = 0x120000 max_arch_pfn = 0x400000000
[    0.000000] MTRR default type: uncachable
[    0.000000] MTRR fixed ranges enabled:
[    0.000000]   00000-9FFFF write-back
[    0.000000]   A0000-BFFFF uncachable
[    0.000000]   C0000-CFFFF write-protect
[    0.000000]   D0000-EFFFF uncachable
[    0.000000]   F0000-FFFFF write-protect
[    0.000000] MTRR variable ranges enabled:
[    0.000000]   0 base 000000000 mask F80000000 write-back
[    0.000000]   1 base 080000000 mask FC0000000 write-back
[    0.000000]   2 base 0C0000000 mask FE0000000 write-back
[    0.000000]   3 base 100000000 mask F00000000 write-back
[    0.000000]   4 base 0DF800000 mask FFF800000 uncachable
[    0.000000]   5 base 0DF700000 mask FFFF00000 uncachable
[    0.000000]   6 disabled
[    0.000000]   7 disabled
[    0.000000] x86/PAT: Configuration [0-7]: WB  WC  UC- UC  WB  WP  UC- WT  
[    0.000000] total RAM covered: 7671M
[    0.000000] Found optimal setting for mtrr clean up
[    0.000000]  gran_size: 64K 	chunk_size: 1G 	num_reg: 5  	lose cover RAM: 0G
[    0.000000] e820: update [mem 0xdf700000-0xffffffff] usable ==> reserved
[    0.000000] e820: last_pfn = 0xdf66d max_arch_pfn = 0x400000000
[    0.000000] Scanning 1 areas for low memory corruption
[    0.000000] Base memory trampoline at [        (ptrval)] 99000 size 24576
[    0.000000] BRK [0x7933e000, 0x7933efff] PGTABLE
[    0.000000] BRK [0x7933f000, 0x7933ffff] PGTABLE
[    0.000000] BRK [0x79340000, 0x79340fff] PGTABLE
[    0.000000] BRK [0x79341000, 0x79341fff] PGTABLE
[    0.000000] BRK [0x79342000, 0x79342fff] PGTABLE
[    0.000000] RAMDISK: [mem 0x311c1000-0x348d7fff]
[    0.000000] ACPI: Early table checksum verification disabled
[    0.000000] ACPI: RSDP 0x00000000000FBBF0 000024 (v02 DELL  )
[    0.000000] ACPI: XSDT 0x00000000DF66F200 000054 (v01 DELL   M08      27D8070A ASL  00000061)
[    0.000000] ACPI: FACP 0x00000000DF66F09C 0000F4 (v04 DELL   M08      27D8070A ASL  00000061)
[    0.000000] ACPI: DSDT 0x00000000DF66F800 005676 (v02 INT430 SYSFexxx 00001001 INTL 20050624)
[    0.000000] ACPI: FACS 0x00000000DF67E000 000040
[    0.000000] ACPI: FACS 0x00000000DF67E000 000040
[    0.000000] ACPI: HPET 0x00000000DF66F300 000038 (v01 DELL   M08      00000001 ASL  00000061)
[    0.000000] ACPI: APIC 0x00000000DF66F400 000068 (v01 DELL   M08      27D8070A ASL  00000047)
[    0.000000] ACPI: MCFG 0x00000000DF66F3C0 00003E (v16 DELL   M08      27D8070A ASL  00000061)
[    0.000000] ACPI: BOOT 0x00000000DF66EFC0 000028 (v01 DELL   M08      27D8070A ASL  00000061)
[    0.000000] ACPI: SSDT 0x00000000DF66D9FA 0004CC (v01 PmRef  CpuPm    00003000 INTL 20050624)
[    0.000000] ACPI: Local APIC address 0xfee00000
[    0.000000] No NUMA configuration found
[    0.000000] Faking a node at [mem 0x0000000000000000-0x000000011fffffff]
[    0.000000] NODE_DATA(0) allocated [mem 0x11ffd1000-0x11fffbfff]
[    0.000000] tsc: Fast TSC calibration using PIT
[    0.000000] Zone ranges:
[    0.000000]   DMA      [mem 0x0000000000001000-0x0000000000ffffff]
[    0.000000]   DMA32    [mem 0x0000000001000000-0x00000000ffffffff]
[    0.000000]   Normal   [mem 0x0000000100000000-0x000000011fffffff]
[    0.000000]   Device   empty
[    0.000000] Movable zone start for each node
[    0.000000] Early memory node ranges
[    0.000000]   node   0: [mem 0x0000000000001000-0x000000000009efff]
[    0.000000]   node   0: [mem 0x0000000000100000-0x00000000df66cfff]
[    0.000000]   node   0: [mem 0x0000000100000000-0x000000011fffffff]
[    0.000000] Initmem setup node 0 [mem 0x0000000000001000-0x000000011fffffff]
[    0.000000] On node 0 totalpages: 1046027
[    0.000000]   DMA zone: 64 pages used for memmap
[    0.000000]   DMA zone: 21 pages reserved
[    0.000000]   DMA zone: 3998 pages, LIFO batch:0
[    0.000000]   DMA32 zone: 14234 pages used for memmap
[    0.000000]   DMA32 zone: 910957 pages, LIFO batch:31
[    0.000000]   Normal zone: 2048 pages used for memmap
[    0.000000]   Normal zone: 131072 pages, LIFO batch:31
[    0.000000] Reserved but unavailable: 98 pages
[    0.000000] Reserving Intel graphics memory at 0x00000000df800000-0x00000000dfffffff
[    0.000000] ACPI: PM-Timer IO Port: 0x1008
[    0.000000] ACPI: Local APIC address 0xfee00000
[    0.000000] ACPI: LAPIC_NMI (acpi_id[0x00] high edge lint[0x1])
[    0.000000] ACPI: LAPIC_NMI (acpi_id[0x01] high edge lint[0x1])
[    0.000000] IOAPIC[0]: apic_id 2, version 32, address 0xfec00000, GSI 0-23
[    0.000000] ACPI: INT_SRC_OVR (bus 0 bus_irq 0 global_irq 2 dfl dfl)
[    0.000000] ACPI: INT_SRC_OVR (bus 0 bus_irq 9 global_irq 9 high level)
[    0.000000] ACPI: IRQ0 used by override.
[    0.000000] ACPI: IRQ9 used by override.
[    0.000000] Using ACPI (MADT) for SMP configuration information
[    0.000000] ACPI: HPET id: 0x8086a201 base: 0xfed00000
[    0.000000] smpboot: Allowing 2 CPUs, 0 hotplug CPUs
[    0.000000] PM: Registered nosave memory: [mem 0x00000000-0x00000fff]
[    0.000000] PM: Registered nosave memory: [mem 0x0009f000-0x0009ffff]
[    0.000000] PM: Registered nosave memory: [mem 0x000a0000-0x000fffff]
[    0.000000] PM: Registered nosave memory: [mem 0xdf66d000-0xdf66dfff]
[    0.000000] PM: Registered nosave memory: [mem 0xdf66e000-0xdfffffff]
[    0.000000] PM: Registered nosave memory: [mem 0xe0000000-0xf7ffffff]
[    0.000000] PM: Registered nosave memory: [mem 0xf8000000-0xfbffffff]
[    0.000000] PM: Registered nosave memory: [mem 0xfc000000-0xfebfffff]
[    0.000000] PM: Registered nosave memory: [mem 0xfec00000-0xfec0ffff]
[    0.000000] PM: Registered nosave memory: [mem 0xfec10000-0xfed17fff]
[    0.000000] PM: Registered nosave memory: [mem 0xfed18000-0xfed1bfff]
[    0.000000] PM: Registered nosave memory: [mem 0xfed1c000-0xfed1ffff]
[    0.000000] PM: Registered nosave memory: [mem 0xfed20000-0xfed8ffff]
[    0.000000] PM: Registered nosave memory: [mem 0xfed90000-0xfed9ffff]
[    0.000000] PM: Registered nosave memory: [mem 0xfeda0000-0xfeda5fff]
[    0.000000] PM: Registered nosave memory: [mem 0xfeda6000-0xfedfffff]
[    0.000000] PM: Registered nosave memory: [mem 0xfee00000-0xfee0ffff]
[    0.000000] PM: Registered nosave memory: [mem 0xfee10000-0xffefffff]
[    0.000000] PM: Registered nosave memory: [mem 0xfff00000-0xffffffff]
[    0.000000] e820: [mem 0xe0000000-0xf7ffffff] available for PCI devices
[    0.000000] Booting paravirtualized kernel on bare hardware
[    0.000000] clocksource: refined-jiffies: mask: 0xffffffff max_cycles: 0xffffffff, max_idle_ns: 7645519600211568 ns
[    0.000000] setup_percpu: NR_CPUS:8192 nr_cpumask_bits:2 nr_cpu_ids:2 nr_node_ids:1
[    0.000000] percpu: Embedded 46 pages/cpu @        (ptrval) s151552 r8192 d28672 u1048576
[    0.000000] pcpu-alloc: s151552 r8192 d28672 u1048576 alloc=1*2097152
[    0.000000] pcpu-alloc: [0] 0 1 
[    0.000000] Built 1 zonelists, mobility grouping on.  Total pages: 1029660
[    0.000000] Policy zone: Normal
[    0.000000] Kernel command line: BOOT_IMAGE=/boot/vmlinuz-4.15.0-20-generic root=/dev/mapper/mint--vg-root ro quiet splash vt.handoff=1
[    0.000000] Calgary: detecting Calgary via BIOS EBDA area
[    0.000000] Calgary: Unable to locate Rio Grande table in EBDA - bailing!
[    0.000000] Memory: 3967564K/4184108K available (12300K kernel code, 2470K rwdata, 4240K rodata, 2404K init, 2416K bss, 216544K reserved, 0K cma-reserved)
[    0.000000] SLUB: HWalign=64, Order=0-3, MinObjects=0, CPUs=2, Nodes=1
[    0.000000] Kernel/User page tables isolation: enabled
[    0.000000] ftrace: allocating 39065 entries in 153 pages
[    0.000000] Hierarchical RCU implementation.
[    0.000000] 	RCU restricting CPUs from NR_CPUS=8192 to nr_cpu_ids=2.
[    0.000000] 	Tasks RCU enabled.
[    0.000000] RCU: Adjusting geometry for rcu_fanout_leaf=16, nr_cpu_ids=2
[    0.000000] NR_IRQS: 524544, nr_irqs: 440, preallocated irqs: 16
[    0.000000] vt handoff: transparent VT on vt#1
[    0.000000] Console: colour dummy device 80x25
[    0.000000] console [tty0] enabled
[    0.000000] ACPI: Core revision 20170831
[    0.000000] ACPI: 2 ACPI AML tables successfully acquired and loaded
[    0.000000] clocksource: hpet: mask: 0xffffffff max_cycles: 0xffffffff, max_idle_ns: 133484882848 ns
[    0.000000] hpet clockevent registered
[    0.000000] APIC: Switch to symmetric I/O mode setup
[    0.000000] ..TIMER: vector=0x30 apic1=0 pin1=2 apic2=-1 pin2=-1
[    0.020000] tsc: Fast TSC calibration using PIT
[    0.024000] tsc: Detected 1595.904 MHz processor
[    0.024000] Calibrating delay loop (skipped), value calculated using timer frequency.. 3191.80 BogoMIPS (lpj=6383616)
[    0.024000] pid_max: default: 32768 minimum: 301
[    0.024000] Security Framework initialized
[    0.024000] Yama: becoming mindful.
[    0.024000] AppArmor: AppArmor initialized
[    0.029118] Dentry cache hash table entries: 524288 (order: 10, 4194304 bytes)
[    0.031190] Inode-cache hash table entries: 262144 (order: 9, 2097152 bytes)
[    0.031323] Mount-cache hash table entries: 8192 (order: 4, 65536 bytes)
[    0.031390] Mountpoint-cache hash table entries: 8192 (order: 4, 65536 bytes)
[    0.032199] CPU: Physical Processor ID: 0
[    0.032201] CPU: Processor Core ID: 0
[    0.032206] mce: CPU supports 6 MCE banks
[    0.032221] CPU0: Thermal monitoring enabled (TM2)
[    0.032227] process: using mwait in idle threads
[    0.032240] Last level iTLB entries: 4KB 128, 2MB 4, 4MB 4
[    0.032242] Last level dTLB entries: 4KB 256, 2MB 0, 4MB 32, 1GB 0
[    0.032247] Spectre V2 : Mitigation: Full generic retpoline
[    0.032650] Freeing SMP alternatives memory: 36K
[    0.040000] smpboot: CPU0: Intel(R) Core(TM)2 Duo CPU     T5470  @ 1.60GHz (family: 0x6, model: 0xf, stepping: 0xd)
[    0.040000] Performance Events: PEBS fmt0+, Core2 events, Intel PMU driver.
[    0.040000] core: PEBS disabled due to CPU errata
[    0.040000] ... version:                2
[    0.040000] ... bit width:              40
[    0.040000] ... generic registers:      2
[    0.040000] ... value mask:             000000ffffffffff
[    0.040000] ... max period:             000000007fffffff
[    0.040000] ... fixed-purpose events:   3
[    0.040000] ... event mask:             0000000700000003
[    0.040000] Hierarchical SRCU implementation.
[    0.040000] smp: Bringing up secondary CPUs ...
[    0.040000] x86: Booting SMP configuration:
[    0.040000] .... node  #0, CPUs:      #1
[    0.042223] NMI watchdog: Enabled. Permanently consumes one hw-PMU counter.
[    0.042450] smp: Brought up 1 node, 2 CPUs
[    0.042455] smpboot: Max logical packages: 1
[    0.042458] smpboot: Total of 2 processors activated (6383.61 BogoMIPS)
[    0.044632] devtmpfs: initialized
[    0.044632] x86/mm: Memory block size: 128MB
[    0.045179] evm: security.selinux
[    0.045181] evm: security.SMACK64
[    0.045183] evm: security.SMACK64EXEC
[    0.045186] evm: security.SMACK64TRANSMUTE
[    0.045188] evm: security.SMACK64MMAP
[    0.045189] evm: security.apparmor
[    0.045191] evm: security.ima
[    0.045194] evm: security.capability
[    0.045561] clocksource: jiffies: mask: 0xffffffff max_cycles: 0xffffffff, max_idle_ns: 7645041785100000 ns
[    0.045561] futex hash table entries: 512 (order: 3, 32768 bytes)
[    0.045561] pinctrl core: initialized pinctrl subsystem
[    0.048324] RTC time:  1:46:25, date: 04/03/19
[    0.048651] NET: Registered protocol family 16
[    0.048955] audit: initializing netlink subsys (disabled)
[    0.048976] audit: type=2000 audit(1554255985.048:1): state=initialized audit_enabled=0 res=1
[    0.048976] cpuidle: using governor ladder
[    0.048976] cpuidle: using governor menu
[    0.048976] Simple Boot Flag at 0x79 set to 0x1
[    0.048976] ACPI: bus type PCI registered
[    0.048976] acpiphp: ACPI Hot Plug PCI Controller Driver version: 0.5
[    0.048976] PCI: MMCONFIG for domain 0000 [bus 00-3f] at [mem 0xf8000000-0xfbffffff] (base 0xf8000000)
[    0.048976] PCI: MMCONFIG at [mem 0xf8000000-0xfbffffff] reserved in E820
[    0.048976] pmd_set_huge: Cannot satisfy [mem 0xf8000000-0xf8200000] with a huge-page mapping due to MTRR override.
[    0.048976] PCI: Using configuration type 1 for base access
[    0.055541] HugeTLB registered 2.00 MiB page size, pre-allocated 0 pages
[    0.056277] ACPI: Added _OSI(Module Device)
[    0.056279] ACPI: Added _OSI(Processor Device)
[    0.056283] ACPI: Added _OSI(3.0 _SCP Extensions)
[    0.056285] ACPI: Added _OSI(Processor Aggregator Device)
[    0.081165] ACPI: Dynamic OEM Table Load:
[    0.081184] ACPI: SSDT 0xFFFF8E0D5A579800 000244 (v01 PmRef  Cpu0Ist  00003000 INTL 20050624)
[    0.082227] ACPI: Dynamic OEM Table Load:
[    0.082244] ACPI: SSDT 0xFFFF8E0D5A4FB800 0005E5 (v01 PmRef  Cpu0Cst  00003001 INTL 20050624)
[    0.084127] ACPI: Dynamic OEM Table Load:
[    0.084141] ACPI: SSDT 0xFFFF8E0D5A598400 0000C4 (v01 PmRef  Cpu1Ist  00003000 INTL 20050624)
[    0.084757] ACPI: Dynamic OEM Table Load:
[    0.084770] ACPI: SSDT 0xFFFF8E0D5A590840 000085 (v01 PmRef  Cpu1Cst  00003000 INTL 20050624)
[    0.086270] ACPI: Interpreter enabled
[    0.086325] ACPI: (supports S0 S3 S4 S5)
[    0.086330] ACPI: Using IOAPIC for interrupt routing
[    0.086411] PCI: Using host bridge windows from ACPI; if necessary, use "pci=nocrs" and report a bug
[    0.087213] ACPI: GPE 0x1C active on init
[    0.087234] ACPI: Enabled 13 GPEs in block 00 to 1F
[    0.282890] ACPI: PCI Root Bridge [PCI0] (domain 0000 [bus 00-ff])
[    0.282907] acpi PNP0A03:00: _OSC: OS supports [ExtendedConfig ASPM ClockPM Segments MSI]
[    0.282924] acpi PNP0A03:00: _OSC failed (AE_NOT_FOUND); disabling ASPM
[    0.282959] acpi PNP0A03:00: [Firmware Info]: MMCONFIG for domain 0000 [bus 00-3f] only partially covers this bridge
[    0.316088] PCI host bridge to bus 0000:00
[    0.316096] pci_bus 0000:00: root bus resource [io  0x0000-0x0cf7 window]
[    0.316102] pci_bus 0000:00: root bus resource [io  0x0d00-0xffff window]
[    0.316107] pci_bus 0000:00: root bus resource [mem 0x000a0000-0x000bffff window]
[    0.316113] pci_bus 0000:00: root bus resource [mem 0x000d0000-0x000dffff window]
[    0.316116] pci_bus 0000:00: root bus resource [mem 0xe0000000-0xf7ffffff window]
[    0.316122] pci_bus 0000:00: root bus resource [mem 0xfc000000-0xfebfffff window]
[    0.316128] pci_bus 0000:00: root bus resource [mem 0xfec10000-0xfecfffff window]
[    0.316133] pci_bus 0000:00: root bus resource [mem 0xfed1c000-0xfed1ffff window]
[    0.316137] pci_bus 0000:00: root bus resource [mem 0xfed90000-0xfed9ffff window]
[    0.316142] pci_bus 0000:00: root bus resource [mem 0xfeda7000-0xfedfffff window]
[    0.316148] pci_bus 0000:00: root bus resource [mem 0xfee10000-0xff9fffff window]
[    0.316154] pci_bus 0000:00: root bus resource [mem 0xffb00000-0xffefffff window]
[    0.316157] pci_bus 0000:00: root bus resource [mem 0x120000000-0x317ffffff window]
[    0.316163] pci_bus 0000:00: root bus resource [bus 00-ff]
[    0.316189] pci 0000:00:00.0: [8086:2a00] type 00 class 0x060000
[    0.316568] pci 0000:00:02.0: [8086:2a02] type 00 class 0x030000
[    0.316603] pci 0000:00:02.0: reg 0x10: [mem 0xfea00000-0xfeafffff 64bit]
[    0.316622] pci 0000:00:02.0: reg 0x18: [mem 0xe0000000-0xefffffff 64bit pref]
[    0.316636] pci 0000:00:02.0: reg 0x20: [io  0xefe8-0xefef]
[    0.317000] pci 0000:00:02.1: [8086:2a03] type 00 class 0x038000
[    0.317030] pci 0000:00:02.1: reg 0x10: [mem 0xfeb00000-0xfebfffff 64bit]
[    0.317485] pci 0000:00:1a.0: [8086:2834] type 00 class 0x0c0300
[    0.317593] pci 0000:00:1a.0: reg 0x20: [io  0x6f20-0x6f3f]
[    0.317970] pci 0000:00:1a.1: [8086:2835] type 00 class 0x0c0300
[    0.318078] pci 0000:00:1a.1: reg 0x20: [io  0x6f00-0x6f1f]
[    0.318474] pci 0000:00:1a.7: [8086:283a] type 00 class 0x0c0320
[    0.318524] pci 0000:00:1a.7: reg 0x10: [mem 0xfed1c400-0xfed1c7ff]
[    0.318708] pci 0000:00:1a.7: PME# supported from D0 D3hot D3cold
[    0.319041] pci 0000:00:1b.0: [8086:284b] type 00 class 0x040300
[    0.319099] pci 0000:00:1b.0: reg 0x10: [mem 0xfe9fc000-0xfe9fffff 64bit]
[    0.319302] pci 0000:00:1b.0: PME# supported from D0 D3hot D3cold
[    0.319655] pci 0000:00:1c.0: [8086:283f] type 01 class 0x060400
[    0.319870] pci 0000:00:1c.0: PME# supported from D0 D3hot D3cold
[    0.320243] pci 0000:00:1c.1: [8086:2841] type 01 class 0x060400
[    0.320458] pci 0000:00:1c.1: PME# supported from D0 D3hot D3cold
[    0.320815] pci 0000:00:1c.3: [8086:2845] type 01 class 0x060400
[    0.321032] pci 0000:00:1c.3: PME# supported from D0 D3hot D3cold
[    0.321494] pci 0000:00:1c.5: [8086:2849] type 01 class 0x060400
[    0.321710] pci 0000:00:1c.5: PME# supported from D0 D3hot D3cold
[    0.322064] pci 0000:00:1d.0: [8086:2830] type 00 class 0x0c0300
[    0.322172] pci 0000:00:1d.0: reg 0x20: [io  0x6f80-0x6f9f]
[    0.322545] pci 0000:00:1d.1: [8086:2831] type 00 class 0x0c0300
[    0.322652] pci 0000:00:1d.1: reg 0x20: [io  0x6f60-0x6f7f]
[    0.323029] pci 0000:00:1d.2: [8086:2832] type 00 class 0x0c0300
[    0.323139] pci 0000:00:1d.2: reg 0x20: [io  0x6f40-0x6f5f]
[    0.323530] pci 0000:00:1d.7: [8086:2836] type 00 class 0x0c0320
[    0.323580] pci 0000:00:1d.7: reg 0x10: [mem 0xfed1c000-0xfed1c3ff]
[    0.323764] pci 0000:00:1d.7: PME# supported from D0 D3hot D3cold
[    0.324097] pci 0000:00:1e.0: [8086:2448] type 01 class 0x060401
[    0.324566] pci 0000:00:1f.0: [8086:2815] type 00 class 0x060100
[    0.324771] pci 0000:00:1f.0: quirk: [io  0x1000-0x107f] claimed by ICH6 ACPI/GPIO/TCO
[    0.324784] pci 0000:00:1f.0: quirk: [io  0x1080-0x10bf] claimed by ICH6 GPIO
[    0.324792] pci 0000:00:1f.0: ICH7 LPC Generic IO decode 1 PIO at 0900 (mask 007f)
[    0.324805] pci 0000:00:1f.0: ICH7 LPC Generic IO decode 3 PIO at 0c80 (mask 003f)
[    0.325168] pci 0000:00:1f.1: [8086:2850] type 00 class 0x01018a
[    0.325210] pci 0000:00:1f.1: reg 0x10: [io  0x01f0-0x01f7]
[    0.325232] pci 0000:00:1f.1: reg 0x14: [io  0x03f4-0x03f7]
[    0.325253] pci 0000:00:1f.1: reg 0x18: [io  0x0170-0x0177]
[    0.325275] pci 0000:00:1f.1: reg 0x1c: [io  0x0374-0x0377]
[    0.325297] pci 0000:00:1f.1: reg 0x20: [io  0x6fa0-0x6faf]
[    0.325342] pci 0000:00:1f.1: legacy IDE quirk: reg 0x10: [io  0x01f0-0x01f7]
[    0.325347] pci 0000:00:1f.1: legacy IDE quirk: reg 0x14: [io  0x03f6]
[    0.325353] pci 0000:00:1f.1: legacy IDE quirk: reg 0x18: [io  0x0170-0x0177]
[    0.325358] pci 0000:00:1f.1: legacy IDE quirk: reg 0x1c: [io  0x0376]
[    0.325685] pci 0000:00:1f.2: [8086:2828] type 00 class 0x01018f
[    0.325732] pci 0000:00:1f.2: reg 0x10: [io  0x6eb0-0x6eb7]
[    0.325754] pci 0000:00:1f.2: reg 0x14: [io  0x6eb8-0x6ebb]
[    0.325776] pci 0000:00:1f.2: reg 0x18: [io  0x6ec0-0x6ec7]
[    0.325797] pci 0000:00:1f.2: reg 0x1c: [io  0x6ec8-0x6ecb]
[    0.325819] pci 0000:00:1f.2: reg 0x20: [io  0x6ee0-0x6eef]
[    0.325840] pci 0000:00:1f.2: reg 0x24: [io  0xeff0-0xefff]
[    0.325929] pci 0000:00:1f.2: PME# supported from D3hot
[    0.326249] pci 0000:00:1f.3: [8086:283e] type 00 class 0x0c0500
[    0.326291] pci 0000:00:1f.3: reg 0x10: [mem 0xfe9fbf00-0xfe9fbfff]
[    0.326364] pci 0000:00:1f.3: reg 0x20: [io  0x10c0-0x10df]
[    0.326870] pci 0000:00:1c.0: PCI bridge to [bus 0b]
[    0.327099] pci 0000:0c:00.0: [14e4:4311] type 00 class 0x028000
[    0.327164] pci 0000:0c:00.0: reg 0x10: [mem 0xfe8fc000-0xfe8fffff]
[    0.327332] pci 0000:0c:00.0: enabling Extended Tags
[    0.327494] pci 0000:0c:00.0: supports D1 D2
[    0.327667] pci 0000:0c:00.0: disabling ASPM on pre-1.1 PCIe device.  You can enable it with 'pcie_aspm=force'
[    0.327692] pci 0000:00:1c.1: PCI bridge to [bus 0c]
[    0.327707] pci 0000:00:1c.1:   bridge window [mem 0xfe800000-0xfe8fffff]
[    0.327950] acpiphp: Slot [1] registered
[    0.327965] pci 0000:00:1c.3: PCI bridge to [bus 0d-0e]
[    0.327976] pci 0000:00:1c.3:   bridge window [io  0xd000-0xdfff]
[    0.327985] pci 0000:00:1c.3:   bridge window [mem 0xfe600000-0xfe7fffff]
[    0.328012] pci 0000:00:1c.3:   bridge window [mem 0xf0000000-0xf01fffff 64bit pref]
[    0.328274] pci 0000:09:00.0: [14e4:1713] type 00 class 0x020000
[    0.328441] pci 0000:09:00.0: reg 0x10: [mem 0xfe5f0000-0xfe5fffff 64bit]
[    0.328731] pci 0000:09:00.0: enabling Extended Tags
[    0.329129] pci 0000:09:00.0: PME# supported from D3hot D3cold
[    0.329569] pci 0000:00:1c.5: PCI bridge to [bus 09]
[    0.329586] pci 0000:00:1c.5:   bridge window [mem 0xfe500000-0xfe5fffff]
[    0.329788] pci 0000:03:01.0: [1180:0832] type 00 class 0x0c0010
[    0.329815] pci 0000:03:01.0: proprietary Ricoh MMC controller disabled (via firewire function)
[    0.329820] pci 0000:03:01.0: MMC cards are now supported by standard SDHCI controller
[    0.329858] pci 0000:03:01.0: reg 0x10: [mem 0xfe4ff800-0xfe4fffff]
[    0.330035] pci 0000:03:01.0: supports D1 D2
[    0.330041] pci 0000:03:01.0: PME# supported from D0 D1 D2 D3hot D3cold
[    0.330223] pci 0000:03:01.1: [1180:0822] type 00 class 0x080501
[    0.330269] pci 0000:03:01.1: reg 0x10: [mem 0xfe4ff400-0xfe4ff4ff]
[    0.330450] pci 0000:03:01.1: supports D1 D2
[    0.330455] pci 0000:03:01.1: PME# supported from D0 D1 D2 D3hot D3cold
[    0.330615] pci 0000:03:01.2: [1180:0592] type 00 class 0x088000
[    0.330665] pci 0000:03:01.2: reg 0x10: [mem 0xfe4ff600-0xfe4ff6ff]
[    0.330843] pci 0000:03:01.2: supports D1 D2
[    0.330849] pci 0000:03:01.2: PME# supported from D0 D1 D2 D3hot D3cold
[    0.331008] pci 0000:03:01.3: [1180:0852] type 00 class 0x088000
[    0.331054] pci 0000:03:01.3: reg 0x10: [mem 0xfe4ff700-0xfe4ff7ff]
[    0.331233] pci 0000:03:01.3: supports D1 D2
[    0.331239] pci 0000:03:01.3: PME# supported from D0 D1 D2 D3hot D3cold
[    0.331479] pci 0000:00:1e.0: PCI bridge to [bus 03] (subtractive decode)
[    0.331496] pci 0000:00:1e.0:   bridge window [mem 0xfe400000-0xfe4fffff]
[    0.331511] pci 0000:00:1e.0:   bridge window [io  0x0000-0x0cf7 window] (subtractive decode)
[    0.331517] pci 0000:00:1e.0:   bridge window [io  0x0d00-0xffff window] (subtractive decode)
[    0.331523] pci 0000:00:1e.0:   bridge window [mem 0x000a0000-0x000bffff window] (subtractive decode)
[    0.331527] pci 0000:00:1e.0:   bridge window [mem 0x000d0000-0x000dffff window] (subtractive decode)
[    0.331533] pci 0000:00:1e.0:   bridge window [mem 0xe0000000-0xf7ffffff window] (subtractive decode)
[    0.331538] pci 0000:00:1e.0:   bridge window [mem 0xfc000000-0xfebfffff window] (subtractive decode)
[    0.331544] pci 0000:00:1e.0:   bridge window [mem 0xfec10000-0xfecfffff window] (subtractive decode)
[    0.331550] pci 0000:00:1e.0:   bridge window [mem 0xfed1c000-0xfed1ffff window] (subtractive decode)
[    0.331554] pci 0000:00:1e.0:   bridge window [mem 0xfed90000-0xfed9ffff window] (subtractive decode)
[    0.331559] pci 0000:00:1e.0:   bridge window [mem 0xfeda7000-0xfedfffff window] (subtractive decode)
[    0.331565] pci 0000:00:1e.0:   bridge window [mem 0xfee10000-0xff9fffff window] (subtractive decode)
[    0.331571] pci 0000:00:1e.0:   bridge window [mem 0xffb00000-0xffefffff window] (subtractive decode)
[    0.331575] pci 0000:00:1e.0:   bridge window [mem 0x120000000-0x317ffffff window] (subtractive decode)
[    0.333203] ACPI: PCI Interrupt Link [LNKA] (IRQs 9 10 *11)
[    0.333595] ACPI: PCI Interrupt Link [LNKB] (IRQs 5 7) *10
[    0.333982] ACPI: PCI Interrupt Link [LNKC] (IRQs 9 10 11) *4
[    0.334368] ACPI: PCI Interrupt Link [LNKD] (IRQs *5 7 9 10 11)
[    0.334755] ACPI: PCI Interrupt Link [LNKE] (IRQs 3 4 5 6 7 9 *10 11 12 14 15)
[    0.335152] ACPI: PCI Interrupt Link [LNKF] (IRQs 3 4 5 6 7 *9 10 11 12 14 15)
[    0.335549] ACPI: PCI Interrupt Link [LNKG] (IRQs 3 4 5 6 *7 9 10 11 12 14 15)
[    0.335893] ACPI: PCI Interrupt Link [LNKH] (IRQs 3 4 5 6 7 9 10 11 12 14 15) *0, disabled.
[    0.337813] SCSI subsystem initialized
[    0.340081] libata version 3.00 loaded.
[    0.340095] pci 0000:00:02.0: vgaarb: setting as boot VGA device
[    0.340095] pci 0000:00:02.0: vgaarb: VGA device added: decodes=io+mem,owns=io+mem,locks=none
[    0.340095] pci 0000:00:02.0: vgaarb: bridge control possible
[    0.340095] vgaarb: loaded
[    0.340129] ACPI: bus type USB registered
[    0.340183] usbcore: registered new interface driver usbfs
[    0.340210] usbcore: registered new interface driver hub
[    0.340250] usbcore: registered new device driver usb
[    0.340373] EDAC MC: Ver: 3.0.0
[    0.340373] PCI: Using ACPI for IRQ routing
[    0.345562] PCI: pci_cache_line_size set to 64 bytes
[    0.345730] e820: reserve RAM buffer [mem 0x0009f000-0x0009ffff]
[    0.345735] e820: reserve RAM buffer [mem 0xdf66d800-0xdfffffff]
[    0.346042] NetLabel: Initializing
[    0.346046] NetLabel:  domain hash size = 128
[    0.346047] NetLabel:  protocols = UNLABELED CIPSOv4 CALIPSO
[    0.346114] NetLabel:  unlabeled traffic allowed by default
[    0.346172] HPET: 3 timers in total, 0 timers will be used for per-cpu timer
[    0.346172] hpet0: at MMIO 0xfed00000, IRQs 2, 8, 0
[    0.346172] hpet0: 3 comparators, 64-bit 14.318180 MHz counter
[    0.348056] clocksource: Switched to clocksource hpet
[    0.397288] VFS: Disk quotas dquot_6.6.0
[    0.397343] VFS: Dquot-cache hash table entries: 512 (order 0, 4096 bytes)
[    0.397727] AppArmor: AppArmor Filesystem Enabled
[    0.397825] pnp: PnP ACPI init
[    0.398116] pnp 00:00: Plug and Play ACPI device, IDs PNP0f13 (active)
[    0.398246] pnp 00:01: Plug and Play ACPI device, IDs PNP0303 (active)
[    0.398367] pnp 00:02: Plug and Play ACPI device, IDs PNP0b00 (active)
[    0.398579] system 00:03: [io  0x0c80-0x0cff] could not be reserved
[    0.398597] system 00:03: Plug and Play ACPI device, IDs PNP0c01 (active)
[    0.398887] system 00:04: [mem 0xfed00000-0xfed003ff] has been reserved
[    0.398902] system 00:04: Plug and Play ACPI device, IDs PNP0103 PNP0c01 (active)
[    0.399424] pnp 00:05: disabling [io  0x1000-0x1005] because it overlaps 0000:00:1f.0 BAR 13 [io  0x1000-0x107f]
[    0.399433] pnp 00:05: disabling [io  0x1008-0x100f] because it overlaps 0000:00:1f.0 BAR 13 [io  0x1000-0x107f]
[    0.399515] system 00:05: [io  0x0900-0x097f] has been reserved
[    0.399522] system 00:05: [io  0x04d0-0x04d1] has been reserved
[    0.399537] system 00:05: Plug and Play ACPI device, IDs PNP0c01 (active)
[    0.399637] pnp 00:06: disabling [io  0x1006-0x1007] because it overlaps 0000:00:1f.0 BAR 13 [io  0x1000-0x107f]
[    0.399644] pnp 00:06: disabling [io  0x100a-0x1059] because it overlaps 0000:00:1f.0 BAR 13 [io  0x1000-0x107f]
[    0.399650] pnp 00:06: disabling [io  0x1060-0x107f] because it overlaps 0000:00:1f.0 BAR 13 [io  0x1000-0x107f]
[    0.399657] pnp 00:06: disabling [io  0x1010-0x102f] because it overlaps 0000:00:1f.0 BAR 13 [io  0x1000-0x107f]
[    0.399744] system 00:06: [io  0xf400-0xf4fe] has been reserved
[    0.399751] system 00:06: [io  0x1080-0x10bf] has been reserved
[    0.399757] system 00:06: [io  0x10c0-0x10df] has been reserved
[    0.399764] system 00:06: [io  0x0809] has been reserved
[    0.399779] system 00:06: Plug and Play ACPI device, IDs PNP0c01 (active)
[    0.441611] system 00:07: [mem 0x00000000-0x0009efff] could not be reserved
[    0.441618] system 00:07: [mem 0x0009f000-0x0009ffff] could not be reserved
[    0.441624] system 00:07: [mem 0x000c0000-0x000cffff] could not be reserved
[    0.441631] system 00:07: [mem 0x000e0000-0x000fffff] could not be reserved
[    0.441637] system 00:07: [mem 0x00100000-0xdf66d7ff] could not be reserved
[    0.441644] system 00:07: [mem 0xdf66d800-0xdf6fffff] has been reserved
[    0.441650] system 00:07: [mem 0xdf700000-0xdf7fffff] has been reserved
[    0.441657] system 00:07: [mem 0xdf700000-0xdfefffff] could not be reserved
[    0.441663] system 00:07: [mem 0xfff00000-0xffffffff] has been reserved
[    0.441669] system 00:07: [mem 0xffa00000-0xffafffff] has been reserved
[    0.441676] system 00:07: [mem 0xfec00000-0xfec0ffff] could not be reserved
[    0.441683] system 00:07: [mem 0xfee00000-0xfee0ffff] has been reserved
[    0.441689] system 00:07: [mem 0xfed20000-0xfed8ffff] has been reserved
[    0.441704] system 00:07: [mem 0xfeda0000-0xfeda3fff] has been reserved
[    0.441711] system 00:07: [mem 0xfeda4000-0xfeda4fff] has been reserved
[    0.441717] system 00:07: [mem 0xfeda5000-0xfeda5fff] has been reserved
[    0.441723] system 00:07: [mem 0xfeda6000-0xfeda6fff] has been reserved
[    0.441730] system 00:07: [mem 0xfed18000-0xfed1bfff] has been reserved
[    0.441736] system 00:07: [mem 0xf8000000-0xfbffffff] has been reserved
[    0.441752] system 00:07: Plug and Play ACPI device, IDs PNP0c01 (active)
[    0.441989] pnp: PnP ACPI: found 8 devices
[    0.452861] clocksource: acpi_pm: mask: 0xffffff max_cycles: 0xffffff, max_idle_ns: 2085701024 ns
[    0.452902] pci 0000:00:1c.0: bridge window [io  0x1000-0x0fff] to [bus 0b] add_size 1000
[    0.452911] pci 0000:00:1c.0: bridge window [mem 0x00100000-0x000fffff 64bit pref] to [bus 0b] add_size 200000 add_align 100000
[    0.452920] pci 0000:00:1c.0: bridge window [mem 0x00100000-0x000fffff] to [bus 0b] add_size 200000 add_align 100000
[    0.452942] pci 0000:00:1c.1: bridge window [io  0x1000-0x0fff] to [bus 0c] add_size 1000
[    0.452949] pci 0000:00:1c.1: bridge window [mem 0x00100000-0x000fffff 64bit pref] to [bus 0c] add_size 200000 add_align 100000
[    0.452986] pci 0000:00:1c.5: bridge window [io  0x1000-0x0fff] to [bus 09] add_size 1000
[    0.452993] pci 0000:00:1c.5: bridge window [mem 0x00100000-0x000fffff 64bit pref] to [bus 09] add_size 200000 add_align 100000
[    0.453039] pci 0000:00:1c.0: BAR 14: assigned [mem 0xf0200000-0xf03fffff]
[    0.453059] pci 0000:00:1c.0: BAR 15: assigned [mem 0x120000000-0x1201fffff 64bit pref]
[    0.453075] pci 0000:00:1c.1: BAR 15: assigned [mem 0x120200000-0x1203fffff 64bit pref]
[    0.453093] pci 0000:00:1c.5: BAR 15: assigned [mem 0x120400000-0x1205fffff 64bit pref]
[    0.453102] pci 0000:00:1c.0: BAR 13: assigned [io  0x2000-0x2fff]
[    0.453109] pci 0000:00:1c.1: BAR 13: assigned [io  0x3000-0x3fff]
[    0.453119] pci 0000:00:1c.5: BAR 13: assigned [io  0x4000-0x4fff]
[    0.453127] pci 0000:00:1c.0: PCI bridge to [bus 0b]
[    0.453135] pci 0000:00:1c.0:   bridge window [io  0x2000-0x2fff]
[    0.453148] pci 0000:00:1c.0:   bridge window [mem 0xf0200000-0xf03fffff]
[    0.453157] pci 0000:00:1c.0:   bridge window [mem 0x120000000-0x1201fffff 64bit pref]
[    0.453172] pci 0000:00:1c.1: PCI bridge to [bus 0c]
[    0.453179] pci 0000:00:1c.1:   bridge window [io  0x3000-0x3fff]
[    0.453192] pci 0000:00:1c.1:   bridge window [mem 0xfe800000-0xfe8fffff]
[    0.453200] pci 0000:00:1c.1:   bridge window [mem 0x120200000-0x1203fffff 64bit pref]
[    0.453215] pci 0000:00:1c.3: PCI bridge to [bus 0d-0e]
[    0.453223] pci 0000:00:1c.3:   bridge window [io  0xd000-0xdfff]
[    0.453235] pci 0000:00:1c.3:   bridge window [mem 0xfe600000-0xfe7fffff]
[    0.453244] pci 0000:00:1c.3:   bridge window [mem 0xf0000000-0xf01fffff 64bit pref]
[    0.453261] pci 0000:00:1c.5: PCI bridge to [bus 09]
[    0.453268] pci 0000:00:1c.5:   bridge window [io  0x4000-0x4fff]
[    0.453279] pci 0000:00:1c.5:   bridge window [mem 0xfe500000-0xfe5fffff]
[    0.453290] pci 0000:00:1c.5:   bridge window [mem 0x120400000-0x1205fffff 64bit pref]
[    0.453306] pci 0000:00:1e.0: PCI bridge to [bus 03]
[    0.453319] pci 0000:00:1e.0:   bridge window [mem 0xfe400000-0xfe4fffff]
[    0.453340] pci_bus 0000:00: resource 4 [io  0x0000-0x0cf7 window]
[    0.453346] pci_bus 0000:00: resource 5 [io  0x0d00-0xffff window]
[    0.453352] pci_bus 0000:00: resource 6 [mem 0x000a0000-0x000bffff window]
[    0.453358] pci_bus 0000:00: resource 7 [mem 0x000d0000-0x000dffff window]
[    0.453361] pci_bus 0000:00: resource 8 [mem 0xe0000000-0xf7ffffff window]
[    0.453367] pci_bus 0000:00: resource 9 [mem 0xfc000000-0xfebfffff window]
[    0.453372] pci_bus 0000:00: resource 10 [mem 0xfec10000-0xfecfffff window]
[    0.453378] pci_bus 0000:00: resource 11 [mem 0xfed1c000-0xfed1ffff window]
[    0.453382] pci_bus 0000:00: resource 12 [mem 0xfed90000-0xfed9ffff window]
[    0.453387] pci_bus 0000:00: resource 13 [mem 0xfeda7000-0xfedfffff window]
[    0.453393] pci_bus 0000:00: resource 14 [mem 0xfee10000-0xff9fffff window]
[    0.453399] pci_bus 0000:00: resource 15 [mem 0xffb00000-0xffefffff window]
[    0.453402] pci_bus 0000:00: resource 16 [mem 0x120000000-0x317ffffff window]
[    0.453408] pci_bus 0000:0b: resource 0 [io  0x2000-0x2fff]
[    0.453414] pci_bus 0000:0b: resource 1 [mem 0xf0200000-0xf03fffff]
[    0.453419] pci_bus 0000:0b: resource 2 [mem 0x120000000-0x1201fffff 64bit pref]
[    0.453425] pci_bus 0000:0c: resource 0 [io  0x3000-0x3fff]
[    0.453429] pci_bus 0000:0c: resource 1 [mem 0xfe800000-0xfe8fffff]
[    0.453434] pci_bus 0000:0c: resource 2 [mem 0x120200000-0x1203fffff 64bit pref]
[    0.453441] pci_bus 0000:0d: resource 0 [io  0xd000-0xdfff]
[    0.453446] pci_bus 0000:0d: resource 1 [mem 0xfe600000-0xfe7fffff]
[    0.453452] pci_bus 0000:0d: resource 2 [mem 0xf0000000-0xf01fffff 64bit pref]
[    0.453456] pci_bus 0000:09: resource 0 [io  0x4000-0x4fff]
[    0.453461] pci_bus 0000:09: resource 1 [mem 0xfe500000-0xfe5fffff]
[    0.453467] pci_bus 0000:09: resource 2 [mem 0x120400000-0x1205fffff 64bit pref]
[    0.453473] pci_bus 0000:03: resource 1 [mem 0xfe400000-0xfe4fffff]
[    0.453476] pci_bus 0000:03: resource 4 [io  0x0000-0x0cf7 window]
[    0.453482] pci_bus 0000:03: resource 5 [io  0x0d00-0xffff window]
[    0.453488] pci_bus 0000:03: resource 6 [mem 0x000a0000-0x000bffff window]
[    0.453493] pci_bus 0000:03: resource 7 [mem 0x000d0000-0x000dffff window]
[    0.453499] pci_bus 0000:03: resource 8 [mem 0xe0000000-0xf7ffffff window]
[    0.453503] pci_bus 0000:03: resource 9 [mem 0xfc000000-0xfebfffff window]
[    0.453508] pci_bus 0000:03: resource 10 [mem 0xfec10000-0xfecfffff window]
[    0.453514] pci_bus 0000:03: resource 11 [mem 0xfed1c000-0xfed1ffff window]
[    0.453520] pci_bus 0000:03: resource 12 [mem 0xfed90000-0xfed9ffff window]
[    0.453523] pci_bus 0000:03: resource 13 [mem 0xfeda7000-0xfedfffff window]
[    0.453529] pci_bus 0000:03: resource 14 [mem 0xfee10000-0xff9fffff window]
[    0.453534] pci_bus 0000:03: resource 15 [mem 0xffb00000-0xffefffff window]
[    0.453540] pci_bus 0000:03: resource 16 [mem 0x120000000-0x317ffffff window]
[    0.453894] NET: Registered protocol family 2
[    0.454541] TCP established hash table entries: 32768 (order: 6, 262144 bytes)
[    0.454789] TCP bind hash table entries: 32768 (order: 7, 524288 bytes)
[    0.455124] TCP: Hash tables configured (established 32768 bind 32768)
[    0.455256] UDP hash table entries: 2048 (order: 4, 65536 bytes)
[    0.455311] UDP-Lite hash table entries: 2048 (order: 4, 65536 bytes)
[    0.455460] NET: Registered protocol family 1
[    0.455506] pci 0000:00:02.0: Video device with shadowed ROM at [mem 0x000c0000-0x000dffff]
[    0.462388] PCI: CLS 64 bytes, default 64
[    0.462532] Unpacking initramfs...
[    3.286023] Freeing initrd memory: 56412K
[    3.286117] PCI-DMA: Using software bounce buffering for IO (SWIOTLB)
[    3.286129] software IO TLB [mem 0xdb66d000-0xdf66d000] (64MB) mapped at [0000000021c278ee-00000000c23d5131]
[    3.286514] Scanning for low memory corruption every 60 seconds
[    3.288445] Initialise system trusted keyrings
[    3.288470] Key type blacklist registered
[    3.288629] workingset: timestamp_bits=36 max_order=20 bucket_order=0
[    3.293743] zbud: loaded
[    3.295406] squashfs: version 4.0 (2009/01/31) Phillip Lougher
[    3.296058] fuse init (API version 7.26)
[    3.300272] Key type asymmetric registered
[    3.300277] Asymmetric key parser 'x509' registered
[    3.300392] Block layer SCSI generic (bsg) driver version 0.4 loaded (major 246)
[    3.300485] io scheduler noop registered
[    3.300490] io scheduler deadline registered
[    3.300665] io scheduler cfq registered (default)
[    3.304408] vesafb: mode is 1024x768x32, linelength=4096, pages=0
[    3.304410] vesafb: scrolling: redraw
[    3.304416] vesafb: Truecolor: size=8:8:8:8, shift=24:16:8:0
[    3.304465] vesafb: framebuffer at 0xe0000000, mapped to 0x00000000db1b8025, using 3072k, total 3072k
[    3.304788] Console: switching to colour frame buffer device 128x48
[    3.304855] fb0: VESA VGA frame buffer device
[    3.304904] intel_idle: does not run on family 6 model 15
[    3.305243] ACPI: AC Adapter [AC] (on-line)
[    3.305446] input: Lid Switch as /devices/LNXSYSTM:00/LNXSYBUS:00/PNP0C0D:00/input/input0
[    3.305509] ACPI: Lid Switch [LID]
[    3.305644] input: Power Button as /devices/LNXSYSTM:00/LNXSYBUS:00/PNP0C0C:00/input/input1
[    3.305690] ACPI: Power Button [PBTN]
[    3.305813] input: Sleep Button as /devices/LNXSYSTM:00/LNXSYBUS:00/PNP0C0E:00/input/input2
[    3.305839] ACPI: Sleep Button [SBTN]
[    3.306243] Monitor-Mwait will be used to enter C-1 state
[    3.306256] Monitor-Mwait will be used to enter C-2 state
[    3.306265] Monitor-Mwait will be used to enter C-3 state
[    3.306271] tsc: Marking TSC unstable due to TSC halts in idle
[    3.318718] (NULL device *): hwmon_device_register() is deprecated. Please convert the driver to use hwmon_device_register_with_info().
[    3.322178] thermal LNXTHERM:00: registered as thermal_zone0
[    3.322182] ACPI: Thermal Zone [THM] (29 C)
[    3.322452] ACPI: Battery Slot [BAT0] (battery absent)
[    3.322635] Serial: 8250/16550 driver, 32 ports, IRQ sharing enabled
[    3.330836] Linux agpgart interface v0.103
[    3.335999] loop: module loaded
[    3.336507] ata_piix 0000:00:1f.1: version 2.13
[    3.339225] scsi host0: ata_piix
[    3.339553] scsi host1: ata_piix
[    3.339673] ata1: PATA max UDMA/100 cmd 0x1f0 ctl 0x3f6 bmdma 0x6fa0 irq 14
[    3.339676] ata2: PATA max UDMA/100 cmd 0x170 ctl 0x376 bmdma 0x6fa8 irq 15
[    3.339995] ata2: port disabled--ignoring
[    3.340259] ata_piix 0000:00:1f.2: MAP [ P0 P2 P1 P3 ]
[    3.499246] ata1.00: ATAPI: Optiarc DVD+/-RW AD-5560A, DD12, max UDMA/33
[    3.502535] scsi host2: ata_piix
[    3.502927] scsi host3: ata_piix
[    3.503056] ata3: SATA max UDMA/133 cmd 0x6eb0 ctl 0x6eb8 bmdma 0x6ee0 irq 17
[    3.503068] ata4: SATA max UDMA/133 cmd 0x6ec0 ctl 0x6ec8 bmdma 0x6ee8 irq 17
[    3.503445] libphy: Fixed MDIO Bus: probed
[    3.503449] tun: Universal TUN/TAP device driver, 1.6
[    3.503614] PPP generic driver version 2.4.2
[    3.503787] ehci_hcd: USB 2.0 'Enhanced' Host Controller (EHCI) Driver
[    3.503800] ehci-pci: EHCI PCI platform driver
[    3.504265] ata1.00: configured for UDMA/33
[    3.504520] ehci-pci 0000:00:1a.7: EHCI Host Controller
[    3.504540] ehci-pci 0000:00:1a.7: new USB bus registered, assigned bus number 1
[    3.504568] ehci-pci 0000:00:1a.7: debug port 1
[    3.506412] scsi 0:0:0:0: CD-ROM            Optiarc  DVD+-RW AD-5560A DD12 PQ: 0 ANSI: 5
[    3.508512] ehci-pci 0000:00:1a.7: cache line size of 64 is not supported
[    3.508547] ehci-pci 0000:00:1a.7: irq 22, io mem 0xfed1c400
[    3.524221] ehci-pci 0000:00:1a.7: USB 2.0 started, EHCI 1.00
[    3.524399] usb usb1: New USB device found, idVendor=1d6b, idProduct=0002
[    3.524406] usb usb1: New USB device strings: Mfr=3, Product=2, SerialNumber=1
[    3.524411] usb usb1: Product: EHCI Host Controller
[    3.524417] usb usb1: Manufacturer: Linux 4.15.0-20-generic ehci_hcd
[    3.524421] usb usb1: SerialNumber: 0000:00:1a.7
[    3.524918] hub 1-0:1.0: USB hub found
[    3.524939] hub 1-0:1.0: 4 ports detected
[    3.526054] ehci-pci 0000:00:1d.7: EHCI Host Controller
[    3.526072] ehci-pci 0000:00:1d.7: new USB bus registered, assigned bus number 2
[    3.526099] ehci-pci 0000:00:1d.7: debug port 1
[    3.530022] ehci-pci 0000:00:1d.7: cache line size of 64 is not supported
[    3.530061] ehci-pci 0000:00:1d.7: irq 20, io mem 0xfed1c000
[    3.544217] ehci-pci 0000:00:1d.7: USB 2.0 started, EHCI 1.00
[    3.544370] usb usb2: New USB device found, idVendor=1d6b, idProduct=0002
[    3.544376] usb usb2: New USB device strings: Mfr=3, Product=2, SerialNumber=1
[    3.544382] usb usb2: Product: EHCI Host Controller
[    3.544386] usb usb2: Manufacturer: Linux 4.15.0-20-generic ehci_hcd
[    3.544391] usb usb2: SerialNumber: 0000:00:1d.7
[    3.544874] hub 2-0:1.0: USB hub found
[    3.544898] hub 2-0:1.0: 6 ports detected
[    3.545499] ehci-platform: EHCI generic platform driver
[    3.545557] ohci_hcd: USB 1.1 'Open' Host Controller (OHCI) Driver
[    3.545566] ohci-pci: OHCI PCI platform driver
[    3.545612] ohci-platform: OHCI generic platform driver
[    3.545638] uhci_hcd: USB Universal Host Controller Interface driver
[    3.546226] uhci_hcd 0000:00:1a.0: UHCI Host Controller
[    3.546243] uhci_hcd 0000:00:1a.0: new USB bus registered, assigned bus number 3
[    3.546261] uhci_hcd 0000:00:1a.0: detected 2 ports
[    3.546303] uhci_hcd 0000:00:1a.0: irq 20, io base 0x00006f20
[    3.546430] usb usb3: New USB device found, idVendor=1d6b, idProduct=0001
[    3.546436] usb usb3: New USB device strings: Mfr=3, Product=2, SerialNumber=1
[    3.546441] usb usb3: Product: UHCI Host Controller
[    3.546447] usb usb3: Manufacturer: Linux 4.15.0-20-generic uhci_hcd
[    3.546453] usb usb3: SerialNumber: 0000:00:1a.0
[    3.546812] hub 3-0:1.0: USB hub found
[    3.546832] hub 3-0:1.0: 2 ports detected
[    3.547670] uhci_hcd 0000:00:1a.1: UHCI Host Controller
[    3.547690] uhci_hcd 0000:00:1a.1: new USB bus registered, assigned bus number 4
[    3.547705] uhci_hcd 0000:00:1a.1: detected 2 ports
[    3.547773] uhci_hcd 0000:00:1a.1: irq 21, io base 0x00006f00
[    3.547902] usb usb4: New USB device found, idVendor=1d6b, idProduct=0001
[    3.547909] usb usb4: New USB device strings: Mfr=3, Product=2, SerialNumber=1
[    3.547912] usb usb4: Product: UHCI Host Controller
[    3.547918] usb usb4: Manufacturer: Linux 4.15.0-20-generic uhci_hcd
[    3.547923] usb usb4: SerialNumber: 0000:00:1a.1
[    3.548315] hub 4-0:1.0: USB hub found
[    3.548335] hub 4-0:1.0: 2 ports detected
[    3.549147] uhci_hcd 0000:00:1d.0: UHCI Host Controller
[    3.549164] uhci_hcd 0000:00:1d.0: new USB bus registered, assigned bus number 5
[    3.549180] uhci_hcd 0000:00:1d.0: detected 2 ports
[    3.549217] uhci_hcd 0000:00:1d.0: irq 20, io base 0x00006f80
[    3.549350] usb usb5: New USB device found, idVendor=1d6b, idProduct=0001
[    3.549355] usb usb5: New USB device strings: Mfr=3, Product=2, SerialNumber=1
[    3.549360] usb usb5: Product: UHCI Host Controller
[    3.549366] usb usb5: Manufacturer: Linux 4.15.0-20-generic uhci_hcd
[    3.549371] usb usb5: SerialNumber: 0000:00:1d.0
[    3.549723] hub 5-0:1.0: USB hub found
[    3.549743] hub 5-0:1.0: 2 ports detected
[    3.550540] uhci_hcd 0000:00:1d.1: UHCI Host Controller
[    3.550556] uhci_hcd 0000:00:1d.1: new USB bus registered, assigned bus number 6
[    3.550573] uhci_hcd 0000:00:1d.1: detected 2 ports
[    3.550608] uhci_hcd 0000:00:1d.1: irq 21, io base 0x00006f60
[    3.550733] usb usb6: New USB device found, idVendor=1d6b, idProduct=0001
[    3.550740] usb usb6: New USB device strings: Mfr=3, Product=2, SerialNumber=1
[    3.550745] usb usb6: Product: UHCI Host Controller
[    3.550751] usb usb6: Manufacturer: Linux 4.15.0-20-generic uhci_hcd
[    3.550757] usb usb6: SerialNumber: 0000:00:1d.1
[    3.551129] hub 6-0:1.0: USB hub found
[    3.551148] hub 6-0:1.0: 2 ports detected
[    3.551951] uhci_hcd 0000:00:1d.2: UHCI Host Controller
[    3.551968] uhci_hcd 0000:00:1d.2: new USB bus registered, assigned bus number 7
[    3.551983] uhci_hcd 0000:00:1d.2: detected 2 ports
[    3.552052] uhci_hcd 0000:00:1d.2: irq 22, io base 0x00006f40
[    3.552176] usb usb7: New USB device found, idVendor=1d6b, idProduct=0001
[    3.552183] usb usb7: New USB device strings: Mfr=3, Product=2, SerialNumber=1
[    3.552188] usb usb7: Product: UHCI Host Controller
[    3.552194] usb usb7: Manufacturer: Linux 4.15.0-20-generic uhci_hcd
[    3.552197] usb usb7: SerialNumber: 0000:00:1d.2
[    3.552551] hub 7-0:1.0: USB hub found
[    3.552570] hub 7-0:1.0: 2 ports detected
[    3.553066] i8042: PNP: PS/2 Controller [PNP0303:KBC,PNP0f13:PS2M] at 0x60,0x64 irq 1,12
[    3.556613] serio: i8042 KBD port at 0x60,0x64 irq 1
[    3.556623] serio: i8042 AUX port at 0x60,0x64 irq 12
[    3.557066] mousedev: PS/2 mouse device common for all mice
[    3.557673] rtc_cmos 00:02: RTC can wake from S4
[    3.558000] rtc_cmos 00:02: rtc core: registered rtc_cmos as rtc0
[    3.558054] rtc_cmos 00:02: alarms up to one month, y3k, 114 bytes nvram, hpet irqs
[    3.558079] i2c /dev entries driver
[    3.558255] device-mapper: uevent: version 1.0.3
[    3.558487] device-mapper: ioctl: 4.37.0-ioctl (2017-09-20) initialised: dm-devel@redhat.com
[    3.558583] ledtrig-cpu: registered to indicate activity on CPUs
[    3.559875] NET: Registered protocol family 10
[    3.561337] input: AT Translated Set 2 keyboard as /devices/platform/i8042/serio0/input/input3
[    3.563609] sr 0:0:0:0: [sr0] scsi3-mmc drive: 24x/24x writer cd/rw xa/form2 cdda tray
[    3.563612] cdrom: Uniform CD-ROM driver Revision: 3.20
[    3.563984] sr 0:0:0:0: Attached scsi CD-ROM sr0
[    3.564241] sr 0:0:0:0: Attached scsi generic sg0 type 5
[    3.574260] Segment Routing with IPv6
[    3.574341] NET: Registered protocol family 17
[    3.574453] Key type dns_resolver registered
[    3.574993] RAS: Correctable Errors collector initialized.
[    3.575123] microcode: sig=0x6fd, pf=0x80, revision=0xa3
[    3.575271] microcode: Microcode Update Driver: v2.2.
[    3.575770] registered taskstats version 1
[    3.575796] Loading compiled-in X.509 certificates
[    3.585558] Loaded X.509 cert 'Build time autogenerated kernel key: f4ad6a5babf67650e4ceb385fa5dda8e4a178208'
[    3.585621] zswap: loaded using pool lzo/zbud
[    3.598211] Key type big_key registered
[    3.598231] Key type trusted registered
[    3.604295] Key type encrypted registered
[    3.604305] AppArmor: AppArmor sha1 policy hashing enabled
[    3.604312] ima: No TPM chip found, activating TPM-bypass! (rc=-19)
[    3.604368] evm: HMAC attrs: 0x1
[    3.605406]   Magic number: 15:549:760
[    3.605753] rtc_cmos 00:02: setting system clock to 2019-04-03 01:46:28 UTC (1554255988)
[    3.608085] BIOS EDD facility v0.16 2004-Jun-25, 0 devices found
[    3.608088] EDD information not available.
[    4.288357] ata3.00: SATA link up 3.0 Gbps (SStatus 123 SControl 300)
[    4.288394] ata3.01: SATA link down (SStatus 0 SControl 300)
[    4.291557] ata3.00: ATA-8: WDC WD3200BEKT-75PVMT1, 01.01A01, max UDMA/133
[    4.291562] ata3.00: 625142448 sectors, multi 8: LBA48 NCQ (depth 0/32)
[    4.297273] ata3.00: configured for UDMA/133
[    4.298101] scsi 2:0:0:0: Direct-Access     ATA      WDC WD3200BEKT-7 1A01 PQ: 0 ANSI: 5
[    4.299112] sd 2:0:0:0: Attached scsi generic sg1 type 0
[    4.299171] sd 2:0:0:0: [sda] 625142448 512-byte logical blocks: (320 GB/298 GiB)
[    4.299267] sd 2:0:0:0: [sda] Write Protect is off
[    4.299278] sd 2:0:0:0: [sda] Mode Sense: 00 3a 00 00
[    4.299414] sd 2:0:0:0: [sda] Write cache: enabled, read cache: enabled, doesn't support DPO or FUA
[    4.316110] clocksource: tsc: mask: 0xffffffffffffffff max_cycles: 0x170107be3fd, max_idle_ns: 440795280222 ns
[    4.332978]  sda: sda1
[    4.333926] sd 2:0:0:0: [sda] Attached SCSI disk
[    4.856239] ata4.01: failed to resume link (SControl 0)
[    4.856333] ata4.00: SATA link down (SStatus 0 SControl 300)
[    4.856373] ata4.01: SATA link down (SStatus 0 SControl 0)
[    4.873705] Freeing unused kernel memory: 2404K
[    4.873711] Write protecting the kernel read-only data: 20480k
[    4.877996] Freeing unused kernel memory: 2008K
[    4.901500] Freeing unused kernel memory: 1904K
[    4.941396] x86/mm: Checked W+X mappings: passed, no W+X pages found.
[    4.941399] x86/mm: Checking user space page tables
[    4.980037] x86/mm: Checked W+X mappings: passed, no W+X pages found.
[    5.522462] wmi_bus wmi_bus-PNP0C14:00: WQBC data block query control method not found
[    5.571567] pps_core: LinuxPPS API ver. 1 registered
[    5.571571] pps_core: Software ver. 5.3.6 - Copyright 2005-2007 Rodolfo Giometti <giometti@linux.it>
[    5.586179] PTP clock support registered
[    5.628307] ssb: Found chip with id 0x4311, rev 0x01 and package 0x00
[    5.628331] ssb: Core 0 found: ChipCommon (cc 0x800, rev 0x11, vendor 0x4243)
[    5.628349] ssb: Core 1 found: IEEE 802.11 (cc 0x812, rev 0x0A, vendor 0x4243)
[    5.628366] ssb: Core 2 found: USB 1.1 Host (cc 0x817, rev 0x03, vendor 0x4243)
[    5.628387] ssb: Core 3 found: PCI-E (cc 0x820, rev 0x01, vendor 0x4243)
[    5.634142] sdhci: Secure Digital Host Controller Interface driver
[    5.634145] sdhci: Copyright(c) Pierre Ossman
[    5.676322] sdhci-pci 0000:03:01.1: SDHCI controller found [1180:0822] (rev 22)
[    5.676931] mmc0 bounce up to 128 segments into one, max segment size 65536 bytes
[    5.693325] mmc0: SDHCI controller on PCI [0000:03:01.1] using DMA
[    5.697235] tg3.c:v3.137 (May 11, 2014)
[    5.717787] tg3 0000:09:00.0 eth0: Tigon3 [partno(BCM95906) rev c002] (PCI Express) MAC address 00:1a:a0:fe:50:5b
[    5.717799] tg3 0000:09:00.0 eth0: attached PHY is 5906 (10/100Base-TX Ethernet) (WireSpeed[0], EEE[0])
[    5.717811] tg3 0000:09:00.0 eth0: RXcsums[1] LinkChgREG[0] MIirq[0] ASF[0] TSOcap[0]
[    5.717821] tg3 0000:09:00.0 eth0: dma_rwctrl[76180000] dma_mask[64-bit]
[    5.720757] ssb: Sonics Silicon Backplane found on PCI device 0000:0c:00.0
[    5.745978] i801_smbus 0000:00:1f.3: SMBus using PCI interrupt
[    5.750904] pci 0000:00:00.0: Intel 965GM Chipset
[    5.750965] pci 0000:00:00.0: detected gtt size: 524288K total, 262144K mappable
[    5.752132] pci 0000:00:00.0: detected 8192K stolen memory
[    5.752246] [drm] Memory usable by graphics device = 512M
[    5.752259] checking generic (e0000000 300000) vs hw (e0000000 10000000)
[    5.752262] fb: switching to inteldrmfb from VESA VGA
[    5.752356] Console: switching to colour dummy device 80x25
[    5.753137] [drm] Replacing VGA console driver
[    5.763383] [drm] Supports vblank timestamp caching Rev 2 (21.10.2013).
[    5.763390] [drm] Driver supports precise vblank timestamp query.
[    5.778129] i915 0000:00:02.0: vgaarb: changed VGA decodes: olddecodes=io+mem,decodes=io+mem:owns=io+mem
[    5.828975] [drm] RC6 disabled, disabling runtime PM support
[    5.829003] [drm] initialized overlay support
[    5.831844] [drm] Initialized i915 1.6.0 20171023 for 0000:00:02.0 on minor 0
[    5.832980] ACPI: Video Device [VID1] (multi-head: yes  rom: no  post: no)
[    5.836462] firewire_ohci 0000:03:01.0: added OHCI v1.10 device as card 0, 4 IR + 4 IT contexts, quirks 0x11
[    5.953061] acpi device:34: registered as cooling_device2
[    5.953888] input: Video Bus as /devices/LNXSYSTM:00/LNXSYBUS:00/PNP0A03:00/LNXVIDEO:01/input/input6
[    5.955383] [Firmware Bug]: Duplicate ACPI video bus devices for the same VGA controller, please try module parameter "video.allow_duplicates=1"if the current driver doesn't work.
[    5.994615] tg3 0000:09:00.0 enp9s0: renamed from eth0
[    6.364753] firewire_core 0000:03:01.0: created device fw0: GUID 384fc00007badc38, S400
[    6.886027] input: AlpsPS/2 ALPS GlidePoint as /devices/platform/i8042/serio1/input/input5
[   16.092318] [drm:drm_atomic_helper_wait_for_flip_done [drm_kms_helper]] *ERROR* [CRTC:34:pipe A] flip_done timed out
[   16.196257] ------------[ cut here ]------------
[   16.196263] vblank wait timed out on crtc 0
[   16.196420] WARNING: CPU: 0 PID: 94 at /build/linux-5s7Xkn/linux-4.15.0/drivers/gpu/drm/drm_vblank.c:1073 drm_wait_one_vblank+0x181/0x190 [drm]
[   16.196423] Modules linked in: ssb_hcd psmouse firewire_ohci i2c_i801 i915 tg3 sdhci_pci firewire_core pata_acpi sdhci crc_itu_t i2c_algo_bit ssb drm_kms_helper ptp syscopyarea pps_core sysfillrect sysimgblt fb_sys_fops drm wmi video
[   16.196493] CPU: 0 PID: 94 Comm: kworker/u4:3 Not tainted 4.15.0-20-generic #21-Ubuntu
[   16.196501] Hardware name: Dell Inc. Vostro 1400                     /0TT347, BIOS A09 07/10/2008
[   16.196515] Workqueue: events_unbound async_run_entry_fn
[   16.196570] RIP: 0010:drm_wait_one_vblank+0x181/0x190 [drm]
[   16.196574] RSP: 0018:ffffad6cc0a1ba00 EFLAGS: 00010286
[   16.196584] RAX: 0000000000000000 RBX: ffff8e0d4ede0000 RCX: ffffffffbb8628a8
[   16.196587] RDX: 0000000000000001 RSI: 0000000000000082 RDI: 0000000000000247
[   16.196595] RBP: ffffad6cc0a1ba58 R08: 0000000000000001 R09: 000000000000030f
[   16.196598] R10: 0000000000000000 R11: 0000000000000000 R12: 0000000000000000
[   16.196606] R13: 0000000000000000 R14: 0000000001000001 R15: ffff8e0d4f554408
[   16.196611] FS:  0000000000000000(0000) GS:ffff8e0d5fc00000(0000) knlGS:0000000000000000
[   16.196619] CS:  0010 DS: 0000 ES: 0000 CR0: 0000000080050033
[   16.196623] CR2: 00007f8ad1d55240 CR3: 0000000078c0a000 CR4: 00000000000006f0
[   16.196626] Call Trace:
[   16.196647]  ? wait_woken+0x80/0x80
[   16.196853]  intel_get_load_detect_pipe+0x5b7/0x620 [i915]
[   16.197024]  intel_tv_detect+0x147/0x510 [i915]
[   16.197081]  ? drm_get_edid+0xe8/0x3d0 [drm]
[   16.197134]  ? drm_get_edid+0xe8/0x3d0 [drm]
[   16.197149]  ? __ww_mutex_lock_slowpath+0x16/0x20
[   16.197188]  drm_helper_probe_detect+0x50/0x90 [drm_kms_helper]
[   16.197214]  ? drm_helper_probe_detect+0x50/0x90 [drm_kms_helper]
[   16.197240]  drm_helper_probe_single_connector_modes+0xe2/0x710 [drm_kms_helper]
[   16.197274]  drm_setup_crtcs+0x13f/0xa30 [drm_kms_helper]
[   16.197282]  ? update_load_avg+0x57f/0x6e0
[   16.197314]  __drm_fb_helper_initial_config_and_unlock+0x41/0x400 [drm_kms_helper]
[   16.197322]  ? __switch_to+0xad/0x500
[   16.197349]  drm_fb_helper_initial_config+0x35/0x40 [drm_kms_helper]
[   16.197519]  intel_fbdev_initial_config+0x18/0x30 [i915]
[   16.197531]  async_run_entry_fn+0x3c/0x150
[   16.197541]  process_one_work+0x1de/0x410
[   16.197547]  worker_thread+0x32/0x410
[   16.197557]  kthread+0x121/0x140
[   16.197562]  ? process_one_work+0x410/0x410
[   16.197572]  ? kthread_create_worker_on_cpu+0x70/0x70
[   16.197582]  ret_from_fork+0x35/0x40
[   16.197586] Code: ff ff e8 a3 83 05 fa 48 8d 75 a8 4c 89 ff e8 97 e4 09 fa 45 85 ed 0f 85 ff fe ff ff 44 89 e6 48 c7 c7 10 24 45 c0 e8 df 80 05 fa <0f> 0b e9 e9 fe ff ff 0f 1f 84 00 00 00 00 00 66 66 66 66 90 55 
[   16.197748] ---[ end trace 4f6ba794e0ab7b97 ]---
[   19.665126] random: crng init done
[   26.332272] [drm:drm_atomic_helper_wait_for_dependencies [drm_kms_helper]] *ERROR* [CRTC:34:pipe A] flip_done timed out
[   36.572249] [drm:drm_atomic_helper_wait_for_dependencies [drm_kms_helper]] *ERROR* [PLANE:28:plane A] flip_done timed out
[   36.596640] fbcon: inteldrmfb (fb0) is primary device
[   36.596934] Console: switching to colour frame buffer device 160x50
[   36.597067] i915 0000:00:02.0: fb0: inteldrmfb frame buffer device
[   47.580333] [drm:drm_atomic_helper_wait_for_flip_done [drm_kms_helper]] *ERROR* [CRTC:34:pipe A] flip_done timed out
[   47.684271] ------------[ cut here ]------------
[   47.684277] vblank wait timed out on crtc 0
[   47.684434] WARNING: CPU: 1 PID: 246 at /build/linux-5s7Xkn/linux-4.15.0/drivers/gpu/drm/drm_vblank.c:1073 drm_wait_one_vblank+0x181/0x190 [drm]
[   47.684438] Modules linked in: dm_mirror dm_region_hash dm_log ssb_hcd psmouse firewire_ohci i2c_i801 i915 tg3 sdhci_pci firewire_core pata_acpi sdhci crc_itu_t i2c_algo_bit ssb drm_kms_helper ptp syscopyarea pps_core sysfillrect sysimgblt fb_sys_fops drm wmi video
[   47.684517] CPU: 1 PID: 246 Comm: plymouthd Tainted: G        W        4.15.0-20-generic #21-Ubuntu
[   47.684521] Hardware name: Dell Inc. Vostro 1400                     /0TT347, BIOS A09 07/10/2008
[   47.684574] RIP: 0010:drm_wait_one_vblank+0x181/0x190 [drm]
[   47.684581] RSP: 0018:ffffad6cc08a7960 EFLAGS: 00010282
[   47.684587] RAX: 0000000000000000 RBX: ffff8e0d4ede0000 RCX: ffffffffbb8628a8
[   47.684595] RDX: 0000000000000001 RSI: 0000000000000082 RDI: 0000000000000247
[   47.684598] RBP: ffffad6cc08a79b8 R08: 0000000000000001 R09: 0000000000000340
[   47.684602] R10: 0000000000000000 R11: 0000000000000000 R12: 0000000000000000
[   47.684609] R13: 0000000000000000 R14: 0000000003000002 R15: ffff8e0d4f554408
[   47.684615] FS:  00007fb9ea92b740(0000) GS:ffff8e0d5fd00000(0000) knlGS:0000000000000000
[   47.684623] CS:  0010 DS: 0000 ES: 0000 CR0: 0000000080050033
[   47.684626] CR2: 00007fca62c3ff50 CR3: 000000010f564000 CR4: 00000000000006e0
[   47.684634] Call Trace:
[   47.684652]  ? wait_woken+0x80/0x80
[   47.684809]  intel_get_load_detect_pipe+0x5b7/0x620 [i915]
[   47.684933]  intel_tv_detect+0x147/0x510 [i915]
[   47.684988]  ? drm_get_edid+0xe8/0x3d0 [drm]
[   47.685041]  ? drm_get_edid+0xe8/0x3d0 [drm]
[   47.685060]  ? __ww_mutex_lock_slowpath+0x16/0x20
[   47.685100]  drm_helper_probe_detect+0x50/0x90 [drm_kms_helper]
[   47.685122]  ? drm_helper_probe_detect+0x50/0x90 [drm_kms_helper]
[   47.685149]  drm_helper_probe_single_connector_modes+0xe2/0x710 [drm_kms_helper]
[   47.685210]  drm_mode_getconnector+0x15d/0x340 [drm]
[   47.685265]  ? drm_mode_connector_property_set_ioctl+0x60/0x60 [drm]
[   47.685308]  drm_ioctl_kernel+0x5f/0xb0 [drm]
[   47.685357]  drm_ioctl+0x31b/0x3d0 [drm]
[   47.685410]  ? drm_mode_connector_property_set_ioctl+0x60/0x60 [drm]
[   47.685425]  do_vfs_ioctl+0xa8/0x630
[   47.685435]  ? handle_mm_fault+0xb1/0x1f0
[   47.685447]  ? __do_page_fault+0x270/0x4d0
[   47.685453]  SyS_ioctl+0x79/0x90
[   47.685464]  do_syscall_64+0x73/0x130
[   47.685474]  entry_SYSCALL_64_after_hwframe+0x3d/0xa2
[   47.685479] RIP: 0033:0x7fb9ea0045d7
[   47.685487] RSP: 002b:00007ffd1d81b2d8 EFLAGS: 00000246 ORIG_RAX: 0000000000000010
[   47.685493] RAX: ffffffffffffffda RBX: 000055701b0d63b0 RCX: 00007fb9ea0045d7
[   47.685501] RDX: 00007ffd1d81b310 RSI: 00000000c05064a7 RDI: 0000000000000009
[   47.685504] RBP: 00007ffd1d81b310 R08: 000055701b0d6460 R09: 00007fb9ea05c940
[   47.685508] R10: 000055701b0cb010 R11: 0000000000000246 R12: 00000000c05064a7
[   47.685516] R13: 0000000000000009 R14: 0000000000000009 R15: 00007ffd1d81b310
[   47.685520] Code: ff ff e8 a3 83 05 fa 48 8d 75 a8 4c 89 ff e8 97 e4 09 fa 45 85 ed 0f 85 ff fe ff ff 44 89 e6 48 c7 c7 10 24 45 c0 e8 df 80 05 fa <0f> 0b e9 e9 fe ff ff 0f 1f 84 00 00 00 00 00 66 66 66 66 90 55 
[   47.685682] ---[ end trace 4f6ba794e0ab7b98 ]---
[   57.820320] [drm:drm_atomic_helper_wait_for_dependencies [drm_kms_helper]] *ERROR* [CRTC:34:pipe A] flip_done timed out
[   68.060602] [drm:drm_atomic_helper_wait_for_dependencies [drm_kms_helper]] *ERROR* [PLANE:28:plane A] flip_done timed out
[   69.992049] raid6: sse2x1   gen()   885 MB/s
[   70.040029] raid6: sse2x1   xor()   940 MB/s
[   70.088069] raid6: sse2x2   gen()  1324 MB/s
[   70.136034] raid6: sse2x2   xor()  1136 MB/s
[   70.184025] raid6: sse2x4   gen()  1703 MB/s
[   70.232039] raid6: sse2x4   xor()  1267 MB/s
[   70.232043] raid6: using algorithm sse2x4 gen() 1703 MB/s
[   70.232050] raid6: .... xor() 1267 MB/s, rmw enabled
[   70.232053] raid6: using ssse3x2 recovery algorithm
[   70.250192] xor: measuring software checksum speed
[   70.288024]    prefetch64-sse:  2211.000 MB/sec
[   70.328027]    generic_sse:  1972.000 MB/sec
[   70.328031] xor: using function: prefetch64-sse (2211.000 MB/sec)
[   70.426798] Btrfs loaded, crc32c=crc32c-generic
[  103.120945] EXT4-fs (dm-0): mounted filesystem with ordered data mode. Opts: (null)
[  104.708207] ip_tables: (C) 2000-2006 Netfilter Core Team
[  104.860291] systemd[1]: systemd 237 running in system mode. (+PAM +AUDIT +SELINUX +IMA +APPARMOR +SMACK +SYSVINIT +UTMP +LIBCRYPTSETUP +GCRYPT +GNUTLS +ACL +XZ +LZ4 +SECCOMP +BLKID +ELFUTILS +KMOD -IDN2 +IDN -PCRE2 default-hierarchy=hybrid)
[  104.886372] systemd[1]: Detected architecture x86-64.
[  104.909385] systemd[1]: Set hostname to <home-Vostro-1400>.
[  106.693889] systemd[1]: Set up automount Arbitrary Executable File Formats File System Automount Point.
[  106.695013] systemd[1]: Created slice User and Session Slice.
[  106.695120] systemd[1]: Reached target User and Group Name Lookups.
[  106.695242] systemd[1]: Reached target Remote File Systems.
[  106.695563] systemd[1]: Started Forward Password Requests to Wall Directory Watch.
[  106.696546] systemd[1]: Created slice System Slice.
[  106.696700] systemd[1]: Reached target Slices.
[  107.605395] EXT4-fs (dm-0): re-mounted. Opts: errors=remount-ro
[  107.769067] systemd-journald[399]: Received request to flush runtime journal from PID 1
[  107.841419] lp: driver loaded but no devices found
[  108.221343] ppdev: user-space parallel port driver
[  113.710643] audit: type=1400 audit(1554256098.600:2): apparmor="STATUS" operation="profile_load" profile="unconfined" name="/sbin/dhclient" pid=505 comm="apparmor_parser"
[  113.710663] audit: type=1400 audit(1554256098.600:3): apparmor="STATUS" operation="profile_load" profile="unconfined" name="/usr/lib/NetworkManager/nm-dhcp-client.action" pid=505 comm="apparmor_parser"
[  113.710675] audit: type=1400 audit(1554256098.600:4): apparmor="STATUS" operation="profile_load" profile="unconfined" name="/usr/lib/NetworkManager/nm-dhcp-helper" pid=505 comm="apparmor_parser"
[  113.710682] audit: type=1400 audit(1554256098.600:5): apparmor="STATUS" operation="profile_load" profile="unconfined" name="/usr/lib/connman/scripts/dhclient-script" pid=505 comm="apparmor_parser"
[  113.712389] audit: type=1400 audit(1554256098.604:6): apparmor="STATUS" operation="profile_load" profile="unconfined" name="/usr/lib/lightdm/lightdm-guest-session" pid=504 comm="apparmor_parser"
[  113.712403] audit: type=1400 audit(1554256098.604:7): apparmor="STATUS" operation="profile_load" profile="unconfined" name="/usr/lib/lightdm/lightdm-guest-session//chromium" pid=504 comm="apparmor_parser"
[  113.728397] audit: type=1400 audit(1554256098.620:8): apparmor="STATUS" operation="profile_load" profile="unconfined" name="libreoffice-oopslash" pid=508 comm="apparmor_parser"
[  113.735312] audit: type=1400 audit(1554256098.624:9): apparmor="STATUS" operation="profile_load" profile="unconfined" name="/usr/bin/man" pid=507 comm="apparmor_parser"
[  113.735332] audit: type=1400 audit(1554256098.624:10): apparmor="STATUS" operation="profile_load" profile="unconfined" name="man_filter" pid=507 comm="apparmor_parser"
[  113.735340] audit: type=1400 audit(1554256098.624:11): apparmor="STATUS" operation="profile_load" profile="unconfined" name="man_groff" pid=507 comm="apparmor_parser"
[  114.028432] shpchp: Standard Hot Plug PCI Controller Driver version: 0.4
[  114.907662] r592: driver successfully loaded
[  115.042416] cfg80211: Loading compiled-in X.509 certificates for regulatory database
[  115.079833] cfg80211: Loaded X.509 cert 'sforshee: 00b28ddf47aef9cea7'
[  115.115779] r852: driver loaded successfully
[  115.297599] snd_hda_codec_idt hdaudioC0D0: autoconfig for STAC9228: line_outs=1 (0xd/0x0/0x0/0x0/0x0) type:speaker
[  115.297612] snd_hda_codec_idt hdaudioC0D0:    speaker_outs=0 (0x0/0x0/0x0/0x0/0x0)
[  115.297623] snd_hda_codec_idt hdaudioC0D0:    hp_outs=2 (0xf/0xa/0x0/0x0/0x0)
[  115.297628] snd_hda_codec_idt hdaudioC0D0:    mono: mono_out=0x0
[  115.297637] snd_hda_codec_idt hdaudioC0D0:    dig-out=0x21/0x0
[  115.297642] snd_hda_codec_idt hdaudioC0D0:    inputs:
[  115.297653] snd_hda_codec_idt hdaudioC0D0:      Internal Mic=0x13
[  115.297663] snd_hda_codec_idt hdaudioC0D0:      Mic=0xe
[  115.427616] dell-smbios A80593CE-A997-11DA-B012-B622A1EF5492: WMI SMBIOS userspace interface not supported(0), try upgrading to a newer BIOS
[  115.486034] b43-phy0: Broadcom 4311 WLAN found (core revision 10)
[  115.498513] input: Dell WMI hotkeys as /devices/platform/PNP0C14:00/wmi_bus/wmi_bus-PNP0C14:00/9DBB5994-A997-11DA-B012-B622A1EF5492/input/input7
[  115.554162] b43-phy0: Found PHY: Analog 4, Type 2 (G), Revision 8
[  115.554194] b43-phy0: Found Radio: Manuf 0x17F, ID 0x2050, Revision 2, Version 0
[  115.569186] Broadcom 43xx driver loaded [ Features: PNL ]
[  115.705395] ieee80211 phy0: Selected rate control algorithm 'minstrel_ht'
[  115.759557] intel_powerclamp: No package C-state available
[  115.814770] intel_powerclamp: No package C-state available
[  115.889699] dcdbas dcdbas: Dell Systems Management Base Driver (version 5.6.0-3.2)
[  116.443990] gpio_ich: GPIO from 446 to 495 on gpio_ich
[  116.972285] input: HDA Intel Front Headphone Front as /devices/pci0000:00/0000:00:1b.0/sound/card0/input8
[  116.972845] input: HDA Intel Front Headphone Surround as /devices/pci0000:00/0000:00:1b.0/sound/card0/input9
[  117.772444] Adding 4185596k swap on /dev/mapper/cryptswap1.  Priority:-2 extents:1 across:4185596k FS
[  123.173884] IPv6: ADDRCONF(NETDEV_UP): enp9s0: link is not ready
[  123.216789] IPv6: ADDRCONF(NETDEV_UP): enp9s0: link is not ready
[  123.243585] IPv6: ADDRCONF(NETDEV_UP): wlan0: link is not ready
[  123.420167] b43-phy0: Loading firmware version 666.2 (2011-02-23 01:15:07)
[  123.608673] IPv6: ADDRCONF(NETDEV_UP): wlan0: link is not ready
[  123.937580] IPv6: ADDRCONF(NETDEV_UP): wlan0: link is not ready
[  133.852341] [drm:drm_atomic_helper_wait_for_flip_done [drm_kms_helper]] *ERROR* [CRTC:41:pipe B] flip_done timed out
[  133.956241] ------------[ cut here ]------------
[  133.956246] vblank wait timed out on crtc 1
[  133.956450] WARNING: CPU: 0 PID: 246 at /build/linux-5s7Xkn/linux-4.15.0/drivers/gpu/drm/drm_vblank.c:1073 drm_wait_one_vblank+0x181/0x190 [drm]
[  133.956456] Modules linked in: crypto_simd glue_helper cryptd aes_x86_64 dm_crypt snd_hda_codec_hdmi gpio_ich dell_laptop dell_smbios_smm dcdbas dell_smm_hwmon coretemp arc4 dell_wmi b43 joydev dell_smbios_wmi sparse_keymap dell_smbios bcma wmi_bmof input_leds dell_wmi_descriptor snd_hda_codec_idt snd_hda_codec_generic mac80211 serio_raw snd_hda_intel snd_hda_codec r852 sm_common snd_hda_core nand snd_hwdep nand_ecc nand_bch snd_pcm cfg80211 bch mtd r592 memstick lpc_ich snd_seq_midi snd_seq_midi_event snd_rawmidi snd_seq snd_seq_device snd_timer snd shpchp soundcore mac_hid sch_fq_codel parport_pc ppdev lp parport ip_tables x_tables autofs4 btrfs xor zstd_compress raid6_pq dm_mirror dm_region_hash dm_log ssb_hcd psmouse firewire_ohci i2c_i801 i915 tg3 sdhci_pci firewire_core pata_acpi sdhci crc_itu_t
[  133.956604]  i2c_algo_bit ssb drm_kms_helper ptp syscopyarea pps_core sysfillrect sysimgblt fb_sys_fops drm wmi video
[  133.956634] CPU: 0 PID: 246 Comm: plymouthd Tainted: G        W        4.15.0-20-generic #21-Ubuntu
[  133.956637] Hardware name: Dell Inc. Vostro 1400                     /0TT347, BIOS A09 07/10/2008
[  133.956690] RIP: 0010:drm_wait_one_vblank+0x181/0x190 [drm]
[  133.956697] RSP: 0018:ffffad6cc08a7660 EFLAGS: 00010282
[  133.956702] RAX: 0000000000000000 RBX: ffff8e0d4ede0000 RCX: 0000000000000000
[  133.956705] RDX: 0000000000000001 RSI: 0000000000000002 RDI: 0000000000000246
[  133.956712] RBP: ffffad6cc08a76b8 R08: 0000000000000000 R09: 000000000000001f
[  133.956715] R10: 0000000000000000 R11: 00000000000003b9 R12: 0000000000000001
[  133.956718] R13: 0000000000000000 R14: 000000000100118f R15: ffff8e0d4f554568
[  133.956727] FS:  00007fb9ea92b740(0000) GS:ffff8e0d5fc00000(0000) knlGS:0000000000000000
[  133.956731] CS:  0010 DS: 0000 ES: 0000 CR0: 0000000080050033
[  133.956738] CR2: 0000558b09d69f58 CR3: 000000010f564000 CR4: 00000000000006f0
[  133.956741] Call Trace:
[  133.956763]  ? wait_woken+0x80/0x80
[  133.956915]  intel_get_load_detect_pipe+0x5b7/0x620 [i915]
[  133.957037]  intel_tv_detect+0x147/0x510 [i915]
[  133.957092]  ? drm_get_edid+0xe8/0x3d0 [drm]
[  133.957144]  ? drm_get_edid+0xe8/0x3d0 [drm]
[  133.957159]  ? __ww_mutex_lock_slowpath+0x16/0x20
[  133.957200]  drm_helper_probe_detect+0x50/0x90 [drm_kms_helper]
[  133.957225]  ? drm_helper_probe_detect+0x50/0x90 [drm_kms_helper]
[  133.957251]  drm_helper_probe_single_connector_modes+0xe2/0x710 [drm_kms_helper]
[  133.957285]  drm_setup_crtcs+0x13f/0xa30 [drm_kms_helper]
[  133.957292]  ? _cond_resched+0x19/0x40
[  133.957300]  ? ww_mutex_lock+0x17/0x70
[  133.957328]  drm_fb_helper_hotplug_event.part.31+0x8f/0xb0 [drm_kms_helper]
[  133.957354]  drm_fb_helper_restore_fbdev_mode_unlocked.part.32+0x70/0x80 [drm_kms_helper]
[  133.957380]  drm_fb_helper_set_par+0x43/0x70 [drm_kms_helper]
[  133.957500]  intel_fbdev_set_par+0x1a/0x70 [i915]
[  133.957511]  fb_set_var+0x19f/0x440
[  133.957525]  ? check_preempt_curr+0x33/0x90
[  133.957530]  ? ttwu_do_wakeup+0x1e/0x150
[  133.957539]  ? ttwu_do_activate+0x7a/0x90
[  133.957552]  fbcon_blank+0x2b7/0x3a0
[  133.957558]  ? update_load_avg+0x57f/0x6e0
[  133.957572]  do_unblank_screen+0xba/0x1b0
[  133.957580]  vt_ioctl+0x4e1/0x1140
[  133.957591]  ? _copy_to_user+0x26/0x30
[  133.957637]  ? drm_ioctl+0x34e/0x3d0 [drm]
[  133.957647]  tty_ioctl+0xf6/0x8c0
[  133.957658]  ? ep_read_events_proc+0xd0/0xd0
[  133.957664]  ? __hrtimer_init+0xc0/0xc0
[  133.957675]  do_vfs_ioctl+0xa8/0x630
[  133.957685]  ? wake_up_q+0x80/0x80
[  133.957691]  SyS_ioctl+0x79/0x90
[  133.957701]  ? SyS_clock_gettime+0x88/0xb0
[  133.957712]  do_syscall_64+0x73/0x130
[  133.957718]  entry_SYSCALL_64_after_hwframe+0x3d/0xa2
[  133.957726] RIP: 0033:0x7fb9ea0045d7
[  133.957729] RSP: 002b:00007ffd1d81b4e8 EFLAGS: 00000246 ORIG_RAX: 0000000000000010
[  133.957739] RAX: ffffffffffffffda RBX: 00007fb9ea92b6c0 RCX: 00007fb9ea0045d7
[  133.957742] RDX: 0000000000000000 RSI: 0000000000004b3a RDI: 000000000000000a
[  133.957745] RBP: 00007ffd1d81b640 R08: 00000000000001ac R09: 00000000000001ac
[  133.957752] R10: 000000000000000a R11: 0000000000000246 R12: 0000000000000009
[  133.957755] R13: 00000000ffffffff R14: 000055701b1ba070 R15: 00007fb9ea70c2d0
[  133.957759] Code: ff ff e8 a3 83 05 fa 48 8d 75 a8 4c 89 ff e8 97 e4 09 fa 45 85 ed 0f 85 ff fe ff ff 44 89 e6 48 c7 c7 10 24 45 c0 e8 df 80 05 fa <0f> 0b e9 e9 fe ff ff 0f 1f 84 00 00 00 00 00 66 66 66 66 90 55 
[  133.957878] ---[ end trace 4f6ba794e0ab7b99 ]---
[  144.092312] [drm:drm_atomic_helper_wait_for_dependencies [drm_kms_helper]] *ERROR* [CRTC:41:pipe B] flip_done timed out
[  154.332342] [drm:drm_atomic_helper_wait_for_dependencies [drm_kms_helper]] *ERROR* [PLANE:35:plane B] flip_done timed out
[  165.852363] [drm:drm_atomic_helper_wait_for_flip_done [drm_kms_helper]] *ERROR* [CRTC:41:pipe B] flip_done timed out
[  165.956302] ------------[ cut here ]------------
[  165.956309] vblank wait timed out on crtc 1
[  165.956510] WARNING: CPU: 1 PID: 925 at /build/linux-5s7Xkn/linux-4.15.0/drivers/gpu/drm/drm_vblank.c:1073 drm_wait_one_vblank+0x181/0x190 [drm]
[  165.956517] Modules linked in: crypto_simd glue_helper cryptd aes_x86_64 dm_crypt snd_hda_codec_hdmi gpio_ich dell_laptop dell_smbios_smm dcdbas dell_smm_hwmon coretemp arc4 dell_wmi b43 joydev dell_smbios_wmi sparse_keymap dell_smbios bcma wmi_bmof input_leds dell_wmi_descriptor snd_hda_codec_idt snd_hda_codec_generic mac80211 serio_raw snd_hda_intel snd_hda_codec r852 sm_common snd_hda_core nand snd_hwdep nand_ecc nand_bch snd_pcm cfg80211 bch mtd r592 memstick lpc_ich snd_seq_midi snd_seq_midi_event snd_rawmidi snd_seq snd_seq_device snd_timer snd shpchp soundcore mac_hid sch_fq_codel parport_pc ppdev lp parport ip_tables x_tables autofs4 btrfs xor zstd_compress raid6_pq dm_mirror dm_region_hash dm_log ssb_hcd psmouse firewire_ohci i2c_i801 i915 tg3 sdhci_pci firewire_core pata_acpi sdhci crc_itu_t
[  165.956712]  i2c_algo_bit ssb drm_kms_helper ptp syscopyarea pps_core sysfillrect sysimgblt fb_sys_fops drm wmi video
[  165.956757] CPU: 1 PID: 925 Comm: Xorg Tainted: G        W        4.15.0-20-generic #21-Ubuntu
[  165.956760] Hardware name: Dell Inc. Vostro 1400                     /0TT347, BIOS A09 07/10/2008
[  165.956814] RIP: 0010:drm_wait_one_vblank+0x181/0x190 [drm]
[  165.956818] RSP: 0018:ffffad6cc0def960 EFLAGS: 00010282
[  165.956827] RAX: 0000000000000000 RBX: ffff8e0d4ede0000 RCX: 0000000000000006
[  165.956831] RDX: 0000000000000007 RSI: 0000000000000082 RDI: ffff8e0d5fd16490
[  165.956839] RBP: ffffad6cc0def9b8 R08: 0000000000000001 R09: 00000000000003fb
[  165.956842] R10: ffffad6cc0def800 R11: 0000000000000000 R12: 0000000000000001
[  165.956846] R13: 0000000000000000 R14: 0000000003001190 R15: ffff8e0d4f554568
[  165.956856] FS:  00007f3d3855d600(0000) GS:ffff8e0d5fd00000(0000) knlGS:0000000000000000
[  165.956864] CS:  0010 DS: 0000 ES: 0000 CR0: 0000000080050033
[  165.956868] CR2: 00007f11b5b21db0 CR3: 0000000118ad2000 CR4: 00000000000006e0
[  165.956871] Call Trace:
[  165.956894]  ? wait_woken+0x80/0x80
[  165.957051]  intel_get_load_detect_pipe+0x5b7/0x620 [i915]
[  165.957175]  intel_tv_detect+0x147/0x510 [i915]
[  165.957191]  ? __ww_mutex_lock_slowpath+0x16/0x20
[  165.957232]  drm_helper_probe_detect+0x50/0x90 [drm_kms_helper]
[  165.957258]  ? drm_helper_probe_detect+0x50/0x90 [drm_kms_helper]
[  165.957288]  drm_helper_probe_single_connector_modes+0xe2/0x710 [drm_kms_helper]
[  165.957296]  ? __mark_inode_dirty+0x11d/0x3b0
[  165.957354]  drm_mode_getconnector+0x15d/0x340 [drm]
[  165.957407]  ? __drm_mode_object_find+0x59/0x100 [drm]
[  165.957465]  ? drm_mode_connector_property_set_ioctl+0x60/0x60 [drm]
[  165.957509]  drm_ioctl_kernel+0x5f/0xb0 [drm]
[  165.957553]  drm_ioctl+0x31b/0x3d0 [drm]
[  165.957606]  ? drm_mode_connector_property_set_ioctl+0x60/0x60 [drm]
[  165.957618]  ? dput.part.22+0x2d/0x1e0
[  165.957629]  do_vfs_ioctl+0xa8/0x630
[  165.957640]  ? vfs_write+0x132/0x1a0
[  165.957646]  SyS_ioctl+0x79/0x90
[  165.957657]  do_syscall_64+0x73/0x130
[  165.957668]  entry_SYSCALL_64_after_hwframe+0x3d/0xa2
[  165.957673] RIP: 0033:0x7f3d359545d7
[  165.957680] RSP: 002b:00007ffe56315248 EFLAGS: 00003246 ORIG_RAX: 0000000000000010
[  165.957687] RAX: ffffffffffffffda RBX: 00005597b16f6778 RCX: 00007f3d359545d7
[  165.957694] RDX: 00007ffe56315280 RSI: 00000000c05064a7 RDI: 000000000000000e
[  165.957698] RBP: 00007ffe56315280 R08: 0000000000000000 R09: 0000000000000000
[  165.957706] R10: 0000000000000000 R11: 0000000000003246 R12: 00000000c05064a7
[  165.957709] R13: 000000000000000e R14: 000000000000000e R15: 00007ffe56315280
[  165.957714] Code: ff ff e8 a3 83 05 fa 48 8d 75 a8 4c 89 ff e8 97 e4 09 fa 45 85 ed 0f 85 ff fe ff ff 44 89 e6 48 c7 c7 10 24 45 c0 e8 df 80 05 fa <0f> 0b e9 e9 fe ff ff 0f 1f 84 00 00 00 00 00 66 66 66 66 90 55 
[  165.957879] ---[ end trace 4f6ba794e0ab7b9a ]---
[  176.092355] [drm:drm_atomic_helper_wait_for_dependencies [drm_kms_helper]] *ERROR* [CRTC:41:pipe B] flip_done timed out
[  186.332373] [drm:drm_atomic_helper_wait_for_dependencies [drm_kms_helper]] *ERROR* [PLANE:35:plane B] flip_done timed out
[  196.572298] [drm:drm_atomic_helper_wait_for_flip_done [drm_kms_helper]] *ERROR* [CRTC:41:pipe B] flip_done timed out
[  196.676237] ------------[ cut here ]------------
[  196.676247] vblank wait timed out on crtc 1
[  196.676450] WARNING: CPU: 0 PID: 925 at /build/linux-5s7Xkn/linux-4.15.0/drivers/gpu/drm/drm_vblank.c:1073 drm_wait_one_vblank+0x181/0x190 [drm]
[  196.676453] Modules linked in: crypto_simd glue_helper cryptd aes_x86_64 dm_crypt snd_hda_codec_hdmi gpio_ich dell_laptop dell_smbios_smm dcdbas dell_smm_hwmon coretemp arc4 dell_wmi b43 joydev dell_smbios_wmi sparse_keymap dell_smbios bcma wmi_bmof input_leds dell_wmi_descriptor snd_hda_codec_idt snd_hda_codec_generic mac80211 serio_raw snd_hda_intel snd_hda_codec r852 sm_common snd_hda_core nand snd_hwdep nand_ecc nand_bch snd_pcm cfg80211 bch mtd r592 memstick lpc_ich snd_seq_midi snd_seq_midi_event snd_rawmidi snd_seq snd_seq_device snd_timer snd shpchp soundcore mac_hid sch_fq_codel parport_pc ppdev lp parport ip_tables x_tables autofs4 btrfs xor zstd_compress raid6_pq dm_mirror dm_region_hash dm_log ssb_hcd psmouse firewire_ohci i2c_i801 i915 tg3 sdhci_pci firewire_core pata_acpi sdhci crc_itu_t
[  196.676651]  i2c_algo_bit ssb drm_kms_helper ptp syscopyarea pps_core sysfillrect sysimgblt fb_sys_fops drm wmi video
[  196.676692] CPU: 0 PID: 925 Comm: Xorg Tainted: G        W        4.15.0-20-generic #21-Ubuntu
[  196.676695] Hardware name: Dell Inc. Vostro 1400                     /0TT347, BIOS A09 07/10/2008
[  196.676749] RIP: 0010:drm_wait_one_vblank+0x181/0x190 [drm]
[  196.676756] RSP: 0018:ffffad6cc0def960 EFLAGS: 00010282
[  196.676762] RAX: 0000000000000000 RBX: ffff8e0d4ede0000 RCX: 0000000000000006
[  196.676770] RDX: 0000000000000007 RSI: 0000000000000082 RDI: ffff8e0d5fc16490
[  196.676773] RBP: ffffad6cc0def9b8 R08: 0000000000000001 R09: 000000000000042d
[  196.676781] R10: ffffad6cc0def800 R11: 0000000000000000 R12: 0000000000000001
[  196.676785] R13: 0000000000000000 R14: 0000000005001191 R15: ffff8e0d4f554568
[  196.676790] FS:  00007f3d3855d600(0000) GS:ffff8e0d5fc00000(0000) knlGS:0000000000000000
[  196.676798] CS:  0010 DS: 0000 ES: 0000 CR0: 0000000080050033
[  196.676802] CR2: 0000555d12b04658 CR3: 0000000118ad2000 CR4: 00000000000006f0
[  196.676809] Call Trace:
[  196.676828]  ? wait_woken+0x80/0x80
[  196.676982]  intel_get_load_detect_pipe+0x5b7/0x620 [i915]
[  196.677106]  intel_tv_detect+0x147/0x510 [i915]
[  196.677123]  ? __ww_mutex_lock_slowpath+0x16/0x20
[  196.677163]  drm_helper_probe_detect+0x50/0x90 [drm_kms_helper]
[  196.677189]  ? drm_helper_probe_detect+0x50/0x90 [drm_kms_helper]
[  196.677216]  drm_helper_probe_single_connector_modes+0xe2/0x710 [drm_kms_helper]
[  196.677228]  ? __mark_inode_dirty+0x11d/0x3b0
[  196.677292]  drm_mode_getconnector+0x15d/0x340 [drm]
[  196.677348]  ? drm_mode_connector_property_set_ioctl+0x60/0x60 [drm]
[  196.677396]  drm_ioctl_kernel+0x5f/0xb0 [drm]
[  196.677442]  drm_ioctl+0x31b/0x3d0 [drm]
[  196.677495]  ? drm_mode_connector_property_set_ioctl+0x60/0x60 [drm]
[  196.677509]  ? dput.part.22+0x2d/0x1e0
[  196.677520]  do_vfs_ioctl+0xa8/0x630
[  196.677531]  ? vfs_write+0x132/0x1a0
[  196.677537]  SyS_ioctl+0x79/0x90
[  196.677548]  do_syscall_64+0x73/0x130
[  196.677558]  entry_SYSCALL_64_after_hwframe+0x3d/0xa2
[  196.677564] RIP: 0033:0x7f3d359545d7
[  196.677571] RSP: 002b:00007ffe56315008 EFLAGS: 00003246 ORIG_RAX: 0000000000000010
[  196.677578] RAX: ffffffffffffffda RBX: 00005597b186e9f0 RCX: 00007f3d359545d7
[  196.677585] RDX: 00007ffe56315040 RSI: 00000000c05064a7 RDI: 000000000000000e
[  196.677589] RBP: 00007ffe56315040 R08: 0000000000000000 R09: 0000000000000001
[  196.677597] R10: 0000000000000000 R11: 0000000000003246 R12: 00000000c05064a7
[  196.677600] R13: 000000000000000e R14: 000000000000000e R15: 00007ffe56315040
[  196.677605] Code: ff ff e8 a3 83 05 fa 48 8d 75 a8 4c 89 ff e8 97 e4 09 fa 45 85 ed 0f 85 ff fe ff ff 44 89 e6 48 c7 c7 10 24 45 c0 e8 df 80 05 fa <0f> 0b e9 e9 fe ff ff 0f 1f 84 00 00 00 00 00 66 66 66 66 90 55 
[  196.677770] ---[ end trace 4f6ba794e0ab7b9b ]---
[  206.812294] [drm:drm_atomic_helper_wait_for_dependencies [drm_kms_helper]] *ERROR* [CRTC:41:pipe B] flip_done timed out
[  217.052301] [drm:drm_atomic_helper_wait_for_dependencies [drm_kms_helper]] *ERROR* [PLANE:35:plane B] flip_done timed out
[  240.192294] Could not find key with description: [b8fc206dad97b1fd]
[  240.192310] process_request_key_err: No key
[  240.192313] Could not find valid key in user session keyring for sig specified in mount option: [b8fc206dad97b1fd]
[  240.192322] One or more global auth toks could not properly register; rc = [-2]
[  240.192326] Error parsing options; rc = [-2]
[  256.732366] [drm:drm_atomic_helper_wait_for_flip_done [drm_kms_helper]] *ERROR* [CRTC:41:pipe B] flip_done timed out
[  256.836202] ------------[ cut here ]------------
[  256.836212] vblank wait timed out on crtc 1
[  256.836411] WARNING: CPU: 1 PID: 925 at /build/linux-5s7Xkn/linux-4.15.0/drivers/gpu/drm/drm_vblank.c:1073 drm_wait_one_vblank+0x181/0x190 [drm]
[  256.836414] Modules linked in: crypto_simd glue_helper cryptd aes_x86_64 dm_crypt snd_hda_codec_hdmi gpio_ich dell_laptop dell_smbios_smm dcdbas dell_smm_hwmon coretemp arc4 dell_wmi b43 joydev dell_smbios_wmi sparse_keymap dell_smbios bcma wmi_bmof input_leds dell_wmi_descriptor snd_hda_codec_idt snd_hda_codec_generic mac80211 serio_raw snd_hda_intel snd_hda_codec r852 sm_common snd_hda_core nand snd_hwdep nand_ecc nand_bch snd_pcm cfg80211 bch mtd r592 memstick lpc_ich snd_seq_midi snd_seq_midi_event snd_rawmidi snd_seq snd_seq_device snd_timer snd shpchp soundcore mac_hid sch_fq_codel parport_pc ppdev lp parport ip_tables x_tables autofs4 btrfs xor zstd_compress raid6_pq dm_mirror dm_region_hash dm_log ssb_hcd psmouse firewire_ohci i2c_i801 i915 tg3 sdhci_pci firewire_core pata_acpi sdhci crc_itu_t
[  256.836611]  i2c_algo_bit ssb drm_kms_helper ptp syscopyarea pps_core sysfillrect sysimgblt fb_sys_fops drm wmi video
[  256.836652] CPU: 1 PID: 925 Comm: Xorg Tainted: G        W        4.15.0-20-generic #21-Ubuntu
[  256.836655] Hardware name: Dell Inc. Vostro 1400                     /0TT347, BIOS A09 07/10/2008
[  256.836708] RIP: 0010:drm_wait_one_vblank+0x181/0x190 [drm]
[  256.836712] RSP: 0018:ffffad6cc0def960 EFLAGS: 00010282
[  256.836722] RAX: 0000000000000000 RBX: ffff8e0d4ede0000 RCX: 0000000000000006
[  256.836725] RDX: 0000000000000007 RSI: 0000000000000082 RDI: ffff8e0d5fd16490
[  256.836733] RBP: ffffad6cc0def9b8 R08: 0000000000000001 R09: 0000000000000463
[  256.836736] R10: ffffad6cc0def800 R11: 0000000000000000 R12: 0000000000000001
[  256.836744] R13: 0000000000000000 R14: 0000000007001192 R15: ffff8e0d4f554568
[  256.836750] FS:  00007f3d3855d600(0000) GS:ffff8e0d5fd00000(0000) knlGS:0000000000000000
[  256.836758] CS:  0010 DS: 0000 ES: 0000 CR0: 0000000080050033
[  256.836762] CR2: 0000555afb0c91b0 CR3: 0000000118ad2000 CR4: 00000000000006e0
[  256.836765] Call Trace:
[  256.836788]  ? wait_woken+0x80/0x80
[  256.836939]  intel_get_load_detect_pipe+0x5b7/0x620 [i915]
[  256.837065]  intel_tv_detect+0x147/0x510 [i915]
[  256.837120]  ? drm_get_edid+0xe8/0x3d0 [drm]
[  256.837173]  ? drm_get_edid+0xe8/0x3d0 [drm]
[  256.837187]  ? __ww_mutex_lock_slowpath+0x16/0x20
[  256.837230]  drm_helper_probe_detect+0x50/0x90 [drm_kms_helper]
[  256.837256]  ? drm_helper_probe_detect+0x50/0x90 [drm_kms_helper]
[  256.837283]  drm_helper_probe_single_connector_modes+0xe2/0x710 [drm_kms_helper]
[  256.837294]  ? __mark_inode_dirty+0x11d/0x3b0
[  256.837351]  drm_mode_getconnector+0x15d/0x340 [drm]
[  256.837404]  ? __drm_mode_object_find+0x59/0x100 [drm]
[  256.837459]  ? drm_mode_connector_property_set_ioctl+0x60/0x60 [drm]
[  256.837506]  drm_ioctl_kernel+0x5f/0xb0 [drm]
[  256.837551]  drm_ioctl+0x31b/0x3d0 [drm]
[  256.837604]  ? drm_mode_connector_property_set_ioctl+0x60/0x60 [drm]
[  256.837618]  do_vfs_ioctl+0xa8/0x630
[  256.837629]  ? recalc_sigpending+0x1b/0x50
[  256.837641]  ? _copy_from_user+0x3e/0x60
[  256.837647]  SyS_ioctl+0x79/0x90
[  256.837659]  do_syscall_64+0x73/0x130
[  256.837669]  entry_SYSCALL_64_after_hwframe+0x3d/0xa2
[  256.837674] RIP: 0033:0x7f3d359545d7
[  256.837681] RSP: 002b:00007ffe563150d8 EFLAGS: 00003246 ORIG_RAX: 0000000000000010
[  256.837692] RAX: ffffffffffffffda RBX: 00005597b186e9f0 RCX: 00007f3d359545d7
[  256.837695] RDX: 00007ffe56315110 RSI: 00000000c05064a7 RDI: 000000000000000e
[  256.837699] RBP: 00007ffe56315110 R08: 0000000000000000 R09: 0000000000000000
[  256.837707] R10: 0000000000000000 R11: 0000000000003246 R12: 00000000c05064a7
[  256.837710] R13: 000000000000000e R14: 000000000000000e R15: 00007ffe56315110
[  256.837719] Code: ff ff e8 a3 83 05 fa 48 8d 75 a8 4c 89 ff e8 97 e4 09 fa 45 85 ed 0f 85 ff fe ff ff 44 89 e6 48 c7 c7 10 24 45 c0 e8 df 80 05 fa <0f> 0b e9 e9 fe ff ff 0f 1f 84 00 00 00 00 00 66 66 66 66 90 55 
[  256.837880] ---[ end trace 4f6ba794e0ab7b9c ]---
[  266.972348] [drm:drm_atomic_helper_wait_for_dependencies [drm_kms_helper]] *ERROR* [CRTC:41:pipe B] flip_done timed out
[  277.212370] [drm:drm_atomic_helper_wait_for_dependencies [drm_kms_helper]] *ERROR* [PLANE:35:plane B] flip_done timed out
[  287.452391] [drm:drm_atomic_helper_wait_for_flip_done [drm_kms_helper]] *ERROR* [CRTC:41:pipe B] flip_done timed out
[  287.556226] ------------[ cut here ]------------
[  287.556236] vblank wait timed out on crtc 1
[  287.556440] WARNING: CPU: 0 PID: 925 at /build/linux-5s7Xkn/linux-4.15.0/drivers/gpu/drm/drm_vblank.c:1073 drm_wait_one_vblank+0x181/0x190 [drm]
[  287.556447] Modules linked in: crypto_simd glue_helper cryptd aes_x86_64 dm_crypt snd_hda_codec_hdmi gpio_ich dell_laptop dell_smbios_smm dcdbas dell_smm_hwmon coretemp arc4 dell_wmi b43 joydev dell_smbios_wmi sparse_keymap dell_smbios bcma wmi_bmof input_leds dell_wmi_descriptor snd_hda_codec_idt snd_hda_codec_generic mac80211 serio_raw snd_hda_intel snd_hda_codec r852 sm_common snd_hda_core nand snd_hwdep nand_ecc nand_bch snd_pcm cfg80211 bch mtd r592 memstick lpc_ich snd_seq_midi snd_seq_midi_event snd_rawmidi snd_seq snd_seq_device snd_timer snd shpchp soundcore mac_hid sch_fq_codel parport_pc ppdev lp parport ip_tables x_tables autofs4 btrfs xor zstd_compress raid6_pq dm_mirror dm_region_hash dm_log ssb_hcd psmouse firewire_ohci i2c_i801 i915 tg3 sdhci_pci firewire_core pata_acpi sdhci crc_itu_t
[  287.556642]  i2c_algo_bit ssb drm_kms_helper ptp syscopyarea pps_core sysfillrect sysimgblt fb_sys_fops drm wmi video
[  287.556686] CPU: 0 PID: 925 Comm: Xorg Tainted: G        W        4.15.0-20-generic #21-Ubuntu
[  287.556690] Hardware name: Dell Inc. Vostro 1400                     /0TT347, BIOS A09 07/10/2008
[  287.556743] RIP: 0010:drm_wait_one_vblank+0x181/0x190 [drm]
[  287.556747] RSP: 0018:ffffad6cc0def960 EFLAGS: 00010282
[  287.556757] RAX: 0000000000000000 RBX: ffff8e0d4ede0000 RCX: 0000000000000006
[  287.556760] RDX: 0000000000000007 RSI: 0000000000000082 RDI: ffff8e0d5fc16490
[  287.556768] RBP: ffffad6cc0def9b8 R08: 0000000000000001 R09: 0000000000000497
[  287.556771] R10: ffffad6cc0def800 R11: 0000000000000000 R12: 0000000000000001
[  287.556775] R13: 0000000000000000 R14: 0000000009001193 R15: ffff8e0d4f554568
[  287.556785] FS:  00007f3d3855d600(0000) GS:ffff8e0d5fc00000(0000) knlGS:0000000000000000
[  287.556789] CS:  0010 DS: 0000 ES: 0000 CR0: 0000000080050033
[  287.556797] CR2: 00007f11b5bc24e0 CR3: 0000000118ad2000 CR4: 00000000000006f0
[  287.556800] Call Trace:
[  287.556822]  ? wait_woken+0x80/0x80
[  287.556972]  intel_get_load_detect_pipe+0x5b7/0x620 [i915]
[  287.557096]  intel_tv_detect+0x147/0x510 [i915]
[  287.557156]  ? drm_get_edid+0xe8/0x3d0 [drm]
[  287.557209]  ? drm_get_edid+0xe8/0x3d0 [drm]
[  287.557224]  ? __ww_mutex_lock_slowpath+0x16/0x20
[  287.557263]  drm_helper_probe_detect+0x50/0x90 [drm_kms_helper]
[  287.557289]  ? drm_helper_probe_detect+0x50/0x90 [drm_kms_helper]
[  287.557316]  drm_helper_probe_single_connector_modes+0xe2/0x710 [drm_kms_helper]
[  287.557327]  ? __mark_inode_dirty+0x11d/0x3b0
[  287.557384]  drm_mode_getconnector+0x15d/0x340 [drm]
[  287.557396]  ? lapic_next_event+0x20/0x30
[  287.557451]  ? drm_mode_connector_property_set_ioctl+0x60/0x60 [drm]
[  287.557495]  drm_ioctl_kernel+0x5f/0xb0 [drm]
[  287.557545]  drm_ioctl+0x31b/0x3d0 [drm]
[  287.557598]  ? drm_mode_connector_property_set_ioctl+0x60/0x60 [drm]
[  287.557612]  do_vfs_ioctl+0xa8/0x630
[  287.557624]  ? recalc_sigpending+0x1b/0x50
[  287.557635]  ? _copy_from_user+0x3e/0x60
[  287.557641]  SyS_ioctl+0x79/0x90
[  287.557653]  do_syscall_64+0x73/0x130
[  287.557663]  entry_SYSCALL_64_after_hwframe+0x3d/0xa2
[  287.557669] RIP: 0033:0x7f3d359545d7
[  287.557676] RSP: 002b:00007ffe563150d8 EFLAGS: 00003246 ORIG_RAX: 0000000000000010
[  287.557683] RAX: ffffffffffffffda RBX: 00005597b186e9f0 RCX: 00007f3d359545d7
[  287.557690] RDX: 00007ffe56315110 RSI: 00000000c05064a7 RDI: 000000000000000e
[  287.557694] RBP: 00007ffe56315110 R08: 0000000000000000 R09: 0000000000000000
[  287.557702] R10: 0000000000000000 R11: 0000000000003246 R12: 00000000c05064a7
[  287.557705] R13: 000000000000000e R14: 000000000000000e R15: 00007ffe56315110
[  287.557710] Code: ff ff e8 a3 83 05 fa 48 8d 75 a8 4c 89 ff e8 97 e4 09 fa 45 85 ed 0f 85 ff fe ff ff 44 89 e6 48 c7 c7 10 24 45 c0 e8 df 80 05 fa <0f> 0b e9 e9 fe ff ff 0f 1f 84 00 00 00 00 00 66 66 66 66 90 55 
[  287.557875] ---[ end trace 4f6ba794e0ab7b9d ]---
[  297.692325] [drm:drm_atomic_helper_wait_for_dependencies [drm_kms_helper]] *ERROR* [CRTC:41:pipe B] flip_done timed out
[  307.932325] [drm:drm_atomic_helper_wait_for_dependencies [drm_kms_helper]] *ERROR* [PLANE:35:plane B] flip_done timed out
[  318.172393] [drm:drm_atomic_helper_wait_for_flip_done [drm_kms_helper]] *ERROR* [CRTC:41:pipe B] flip_done timed out
[  318.276238] ------------[ cut here ]------------
[  318.276247] vblank wait timed out on crtc 1
[  318.276451] WARNING: CPU: 0 PID: 925 at /build/linux-5s7Xkn/linux-4.15.0/drivers/gpu/drm/drm_vblank.c:1073 drm_wait_one_vblank+0x181/0x190 [drm]
[  318.276459] Modules linked in: crypto_simd glue_helper cryptd aes_x86_64 dm_crypt snd_hda_codec_hdmi gpio_ich dell_laptop dell_smbios_smm dcdbas dell_smm_hwmon coretemp arc4 dell_wmi b43 joydev dell_smbios_wmi sparse_keymap dell_smbios bcma wmi_bmof input_leds dell_wmi_descriptor snd_hda_codec_idt snd_hda_codec_generic mac80211 serio_raw snd_hda_intel snd_hda_codec r852 sm_common snd_hda_core nand snd_hwdep nand_ecc nand_bch snd_pcm cfg80211 bch mtd r592 memstick lpc_ich snd_seq_midi snd_seq_midi_event snd_rawmidi snd_seq snd_seq_device snd_timer snd shpchp soundcore mac_hid sch_fq_codel parport_pc ppdev lp parport ip_tables x_tables autofs4 btrfs xor zstd_compress raid6_pq dm_mirror dm_region_hash dm_log ssb_hcd psmouse firewire_ohci i2c_i801 i915 tg3 sdhci_pci firewire_core pata_acpi sdhci crc_itu_t
[  318.276653]  i2c_algo_bit ssb drm_kms_helper ptp syscopyarea pps_core sysfillrect sysimgblt fb_sys_fops drm wmi video
[  318.276698] CPU: 0 PID: 925 Comm: Xorg Tainted: G        W        4.15.0-20-generic #21-Ubuntu
[  318.276701] Hardware name: Dell Inc. Vostro 1400                     /0TT347, BIOS A09 07/10/2008
[  318.276755] RIP: 0010:drm_wait_one_vblank+0x181/0x190 [drm]
[  318.276759] RSP: 0018:ffffad6cc0def960 EFLAGS: 00010282
[  318.276768] RAX: 0000000000000000 RBX: ffff8e0d4ede0000 RCX: 0000000000000006
[  318.276772] RDX: 0000000000000007 RSI: 0000000000000082 RDI: ffff8e0d5fc16490
[  318.276779] RBP: ffffad6cc0def9b8 R08: 0000000000000001 R09: 00000000000004cb
[  318.276783] R10: ffffad6cc0def800 R11: 0000000000000000 R12: 0000000000000001
[  318.276787] R13: 0000000000000000 R14: 000000000b001194 R15: ffff8e0d4f554568
[  318.276796] FS:  00007f3d3855d600(0000) GS:ffff8e0d5fc00000(0000) knlGS:0000000000000000
[  318.276805] CS:  0010 DS: 0000 ES: 0000 CR0: 0000000080050033
[  318.276808] CR2: 0000000000d89000 CR3: 0000000118ad2000 CR4: 00000000000006f0
[  318.276812] Call Trace:
[  318.276835]  ? wait_woken+0x80/0x80
[  318.276987]  intel_get_load_detect_pipe+0x5b7/0x620 [i915]
[  318.277115]  intel_tv_detect+0x147/0x510 [i915]
[  318.277170]  ? drm_get_edid+0xe8/0x3d0 [drm]
[  318.277224]  ? drm_get_edid+0xe8/0x3d0 [drm]
[  318.277240]  ? __ww_mutex_lock_slowpath+0x16/0x20
[  318.277279]  drm_helper_probe_detect+0x50/0x90 [drm_kms_helper]
[  318.277305]  ? drm_helper_probe_detect+0x50/0x90 [drm_kms_helper]
[  318.277331]  drm_helper_probe_single_connector_modes+0xe2/0x710 [drm_kms_helper]
[  318.277342]  ? __mark_inode_dirty+0x11d/0x3b0
[  318.277399]  drm_mode_getconnector+0x15d/0x340 [drm]
[  318.277412]  ? lapic_next_event+0x20/0x30
[  318.277467]  ? drm_mode_connector_property_set_ioctl+0x60/0x60 [drm]
[  318.277516]  drm_ioctl_kernel+0x5f/0xb0 [drm]
[  318.277561]  drm_ioctl+0x31b/0x3d0 [drm]
[  318.277614]  ? drm_mode_connector_property_set_ioctl+0x60/0x60 [drm]
[  318.277633]  do_vfs_ioctl+0xa8/0x630
[  318.277640]  ? recalc_sigpending+0x1b/0x50
[  318.277652]  ? _copy_from_user+0x3e/0x60
[  318.277662]  SyS_ioctl+0x79/0x90
[  318.277674]  do_syscall_64+0x73/0x130
[  318.277681]  entry_SYSCALL_64_after_hwframe+0x3d/0xa2
[  318.277690] RIP: 0033:0x7f3d359545d7
[  318.277694] RSP: 002b:00007ffe563150d8 EFLAGS: 00003246 ORIG_RAX: 0000000000000010
[  318.277704] RAX: ffffffffffffffda RBX: 00005597b186e9f0 RCX: 00007f3d359545d7
[  318.277708] RDX: 00007ffe56315110 RSI: 00000000c05064a7 RDI: 000000000000000e
[  318.277715] RBP: 00007ffe56315110 R08: 0000000000000000 R09: 0000000000000000
[  318.277719] R10: 0000000000000000 R11: 0000000000003246 R12: 00000000c05064a7
[  318.277727] R13: 000000000000000e R14: 000000000000000e R15: 00007ffe56315110
[  318.277731] Code: ff ff e8 a3 83 05 fa 48 8d 75 a8 4c 89 ff e8 97 e4 09 fa 45 85 ed 0f 85 ff fe ff ff 44 89 e6 48 c7 c7 10 24 45 c0 e8 df 80 05 fa <0f> 0b e9 e9 fe ff ff 0f 1f 84 00 00 00 00 00 66 66 66 66 90 55 
[  318.277893] ---[ end trace 4f6ba794e0ab7b9e ]---
[  328.412323] [drm:drm_atomic_helper_wait_for_dependencies [drm_kms_helper]] *ERROR* [CRTC:41:pipe B] flip_done timed out
[  338.652231] [drm:drm_atomic_helper_wait_for_dependencies [drm_kms_helper]] *ERROR* [PLANE:35:plane B] flip_done timed out
[  348.892339] [drm:drm_atomic_helper_wait_for_flip_done [drm_kms_helper]] *ERROR* [CRTC:41:pipe B] flip_done timed out
[  348.996312] ------------[ cut here ]------------
[  348.996322] vblank wait timed out on crtc 1
[  348.996526] WARNING: CPU: 1 PID: 925 at /build/linux-5s7Xkn/linux-4.15.0/drivers/gpu/drm/drm_vblank.c:1073 drm_wait_one_vblank+0x181/0x190 [drm]
[  348.996533] Modules linked in: crypto_simd glue_helper cryptd aes_x86_64 dm_crypt snd_hda_codec_hdmi gpio_ich dell_laptop dell_smbios_smm dcdbas dell_smm_hwmon coretemp arc4 dell_wmi b43 joydev dell_smbios_wmi sparse_keymap dell_smbios bcma wmi_bmof input_leds dell_wmi_descriptor snd_hda_codec_idt snd_hda_codec_generic mac80211 serio_raw snd_hda_intel snd_hda_codec r852 sm_common snd_hda_core nand snd_hwdep nand_ecc nand_bch snd_pcm cfg80211 bch mtd r592 memstick lpc_ich snd_seq_midi snd_seq_midi_event snd_rawmidi snd_seq snd_seq_device snd_timer snd shpchp soundcore mac_hid sch_fq_codel parport_pc ppdev lp parport ip_tables x_tables autofs4 btrfs xor zstd_compress raid6_pq dm_mirror dm_region_hash dm_log ssb_hcd psmouse firewire_ohci i2c_i801 i915 tg3 sdhci_pci firewire_core pata_acpi sdhci crc_itu_t
[  348.996728]  i2c_algo_bit ssb drm_kms_helper ptp syscopyarea pps_core sysfillrect sysimgblt fb_sys_fops drm wmi video
[  348.996769] CPU: 1 PID: 925 Comm: Xorg Tainted: G        W        4.15.0-20-generic #21-Ubuntu
[  348.996776] Hardware name: Dell Inc. Vostro 1400                     /0TT347, BIOS A09 07/10/2008
[  348.996830] RIP: 0010:drm_wait_one_vblank+0x181/0x190 [drm]
[  348.996834] RSP: 0018:ffffad6cc0def960 EFLAGS: 00010282
[  348.996843] RAX: 0000000000000000 RBX: ffff8e0d4ede0000 RCX: 0000000000000006
[  348.996847] RDX: 0000000000000007 RSI: 0000000000000082 RDI: ffff8e0d5fd16490
[  348.996855] RBP: ffffad6cc0def9b8 R08: 0000000000000001 R09: 00000000000004ff
[  348.996858] R10: ffffad6cc0def800 R11: 0000000000000000 R12: 0000000000000001
[  348.996862] R13: 0000000000000000 R14: 000000000d001195 R15: ffff8e0d4f554568
[  348.996871] FS:  00007f3d3855d600(0000) GS:ffff8e0d5fd00000(0000) knlGS:0000000000000000
[  348.996880] CS:  0010 DS: 0000 ES: 0000 CR0: 0000000080050033
[  348.996883] CR2: 0000558b09d6bf64 CR3: 0000000118ad2000 CR4: 00000000000006e0
[  348.996887] Call Trace:
[  348.996910]  ? wait_woken+0x80/0x80
[  348.997062]  intel_get_load_detect_pipe+0x5b7/0x620 [i915]
[  348.997190]  intel_tv_detect+0x147/0x510 [i915]
[  348.997245]  ? drm_get_edid+0xe8/0x3d0 [drm]
[  348.997298]  ? drm_get_edid+0xe8/0x3d0 [drm]
[  348.997314]  ? __ww_mutex_lock_slowpath+0x16/0x20
[  348.997353]  drm_helper_probe_detect+0x50/0x90 [drm_kms_helper]
[  348.997379]  ? drm_helper_probe_detect+0x50/0x90 [drm_kms_helper]
[  348.997405]  drm_helper_probe_single_connector_modes+0xe2/0x710 [drm_kms_helper]
[  348.997417]  ? __mark_inode_dirty+0x11d/0x3b0
[  348.997474]  drm_mode_getconnector+0x15d/0x340 [drm]
[  348.997486]  ? lapic_next_event+0x20/0x30
[  348.997541]  ? drm_mode_connector_property_set_ioctl+0x60/0x60 [drm]
[  348.997589]  drm_ioctl_kernel+0x5f/0xb0 [drm]
[  348.997635]  drm_ioctl+0x31b/0x3d0 [drm]
[  348.997689]  ? drm_mode_connector_property_set_ioctl+0x60/0x60 [drm]
[  348.997703]  do_vfs_ioctl+0xa8/0x630
[  348.997715]  ? recalc_sigpending+0x1b/0x50
[  348.997727]  ? _copy_from_user+0x3e/0x60
[  348.997737]  SyS_ioctl+0x79/0x90
[  348.997748]  do_syscall_64+0x73/0x130
[  348.997754]  entry_SYSCALL_64_after_hwframe+0x3d/0xa2
[  348.997764] RIP: 0033:0x7f3d359545d7
[  348.997767] RSP: 002b:00007ffe563150d8 EFLAGS: 00003246 ORIG_RAX: 0000000000000010
[  348.997778] RAX: ffffffffffffffda RBX: 00005597b186e9f0 RCX: 00007f3d359545d7
[  348.997781] RDX: 00007ffe56315110 RSI: 00000000c05064a7 RDI: 000000000000000e
[  348.997789] RBP: 00007ffe56315110 R08: 0000000000000000 R09: 0000000000000000
[  348.997793] R10: 0000000000000000 R11: 0000000000003246 R12: 00000000c05064a7
[  348.997796] R13: 000000000000000e R14: 000000000000000e R15: 00007ffe56315110
[  348.997805] Code: ff ff e8 a3 83 05 fa 48 8d 75 a8 4c 89 ff e8 97 e4 09 fa 45 85 ed 0f 85 ff fe ff ff 44 89 e6 48 c7 c7 10 24 45 c0 e8 df 80 05 fa <0f> 0b e9 e9 fe ff ff 0f 1f 84 00 00 00 00 00 66 66 66 66 90 55 
[  348.997966] ---[ end trace 4f6ba794e0ab7b9f ]---
[  359.132349] [drm:drm_atomic_helper_wait_for_dependencies [drm_kms_helper]] *ERROR* [CRTC:41:pipe B] flip_done timed out
[  369.372366] [drm:drm_atomic_helper_wait_for_dependencies [drm_kms_helper]] *ERROR* [PLANE:35:plane B] flip_done timed out
[  381.404364] [drm:drm_atomic_helper_wait_for_flip_done [drm_kms_helper]] *ERROR* [CRTC:41:pipe B] flip_done timed out
[  381.508320] ------------[ cut here ]------------
[  381.508330] vblank wait timed out on crtc 1
[  381.508535] WARNING: CPU: 1 PID: 925 at /build/linux-5s7Xkn/linux-4.15.0/drivers/gpu/drm/drm_vblank.c:1073 drm_wait_one_vblank+0x181/0x190 [drm]
